Component: ARM Compiler 5.06 update 4 (build 422) Tool: armlink [4d35d2]

==============================================================================

Section Cross References

    keypad.o(RAMData) refers (Special) to lcd.o(.text) for Display_Char
    keypad.o(.text) refers (Special) to lcd.o(.text) for Display_Char
    keypad.o(.text) refers to user.o(.data) for Key_ASCII
    keypad.o(.text) refers to keypad.o(RAMData) for RFlag
    osasm_v2.o(.text) refers to rtos.o(i.OS_Schedule) for OS_Schedule
    osasm_v2.o(.text) refers to rtos.o(.data) for RunPt
    rtos.o(i.OS_AddThreads) refers to startup_tm4c123.o(.text) for StartCritical
    rtos.o(i.OS_AddThreads) refers to rtos.o(i.SetInitialStack) for SetInitialStack
    rtos.o(i.OS_AddThreads) refers to rtos.o(.bss) for tcbs
    rtos.o(i.OS_AddThreads) refers to rtos.o(.data) for RunPt
    rtos.o(i.OS_FIFO_Empty) refers to rtos.o(.data) for CurrentSize
    rtos.o(i.OS_FIFO_Full) refers to rtos.o(.data) for CurrentSize
    rtos.o(i.OS_FIFO_Get) refers to rtos.o(i.OS_Wait) for OS_Wait
    rtos.o(i.OS_FIFO_Get) refers to rtos.o(.data) for CurrentSize
    rtos.o(i.OS_FIFO_Get) refers to rtos.o(.bss) for Fifo
    rtos.o(i.OS_FIFO_Init) refers to rtos.o(.data) for GetI
    rtos.o(i.OS_FIFO_Next) refers to rtos.o(.data) for CurrentSize
    rtos.o(i.OS_FIFO_Next) refers to rtos.o(.bss) for Fifo
    rtos.o(i.OS_FIFO_Put) refers to rtos.o(i.OS_Signal) for OS_Signal
    rtos.o(i.OS_FIFO_Put) refers to rtos.o(.data) for CurrentSize
    rtos.o(i.OS_FIFO_Put) refers to rtos.o(.bss) for Fifo
    rtos.o(i.OS_Init) refers to osasm_v2.o(.text) for OS_DisableInterrupts
    rtos.o(i.OS_Init) refers to rtos.o(i.Clock_Init) for Clock_Init
    rtos.o(i.OS_Launch) refers to osasm_v2.o(.text) for StartOS
    rtos.o(i.OS_Schedule) refers to rtos.o(.data) for RunPt
    rtos.o(i.OS_Signal) refers to osasm_v2.o(.text) for OS_DisableInterrupts
    rtos.o(i.OS_Signal) refers to rtos.o(.data) for RunPt
    rtos.o(i.OS_Sleep) refers to rtos.o(i.OS_Suspend) for OS_Suspend
    rtos.o(i.OS_Sleep) refers to rtos.o(.data) for RunPt
    rtos.o(i.OS_Sleep_Left) refers to rtos.o(.bss) for tcbs
    rtos.o(i.OS_Wait) refers to osasm_v2.o(.text) for OS_DisableInterrupts
    rtos.o(i.OS_Wait) refers to rtos.o(i.OS_Suspend) for OS_Suspend
    rtos.o(i.OS_Wait) refers to rtos.o(.data) for RunPt
    rtos.o(i.RecvMail) refers to rtos.o(i.OS_Wait) for OS_Wait
    rtos.o(i.RecvMail) refers to rtos.o(.data) for Send
    rtos.o(i.SendMail) refers to rtos.o(i.OS_Signal) for OS_Signal
    rtos.o(i.SendMail) refers to rtos.o(.data) for Mail
    rtos.o(i.SetInitialStack) refers to rtos.o(.bss) for Stacks
    user.o(i.InputControl) refers to lcd.o(.text) for Delay1ms
    user.o(i.InputControl) refers to keypad.o(.text) for Read_Key
    user.o(i.InputControl) refers to atoi.o(.text) for atoi
    user.o(i.InputControl) refers to rtos.o(i.OS_Wait) for OS_Wait
    user.o(i.InputControl) refers to rtos.o(i.OS_Signal) for OS_Signal
    user.o(i.InputControl) refers to user.o(.data) for currentInput
    user.o(i.LCDControl) refers to _printf_pad.o(.text) for _printf_pre_padding
    user.o(i.LCDControl) refers to _printf_percent.o(.ARM.Collect$$_printf_percent$$00000000) for _printf_percent
    user.o(i.LCDControl) refers to _printf_s.o(.ARM.Collect$$_printf_percent$$00000014) for _printf_s
    user.o(i.LCDControl) refers to _printf_str.o(.text) for _printf_str
    user.o(i.LCDControl) refers to _printf_u.o(.ARM.Collect$$_printf_percent$$0000000A) for _printf_u
    user.o(i.LCDControl) refers to _printf_dec.o(.text) for _printf_int_dec
    user.o(i.LCDControl) refers to rtos.o(i.OS_Wait) for OS_Wait
    user.o(i.LCDControl) refers to rtos.o(i.OS_Signal) for OS_Signal
    user.o(i.LCDControl) refers to noretval__2snprintf.o(.text) for __2snprintf
    user.o(i.LCDControl) refers to lcd.o(.text) for Set_Position
    user.o(i.LCDControl) refers to user.o(.data) for mutex
    user.o(i.PI_Handler) refers to pwmdriver.o(i.MOT34_Speed_Set) for MOT34_Speed_Set
    user.o(i.PI_Handler) refers to user.o(.data) for piCount
    user.o(i.SetMotorSpeed) refers to user.o(.data) for targetMotorRPM
    user.o(i.main) refers to rtos.o(i.OS_Init) for OS_Init
    user.o(i.main) refers to rtos.o(i.OS_FIFO_Init) for OS_FIFO_Init
    user.o(i.main) refers to lcd.o(.text) for Init_LCD_Ports
    user.o(i.main) refers to keypad.o(.text) for Init_Keypad
    user.o(i.main) refers to rtos.o(i.OS_AddThreads) for OS_AddThreads
    user.o(i.main) refers to rtos.o(i.OS_Launch) for OS_Launch
    user.o(i.main) refers to user.o(i.InputControl) for InputControl
    user.o(i.main) refers to user.o(i.SetMotorSpeed) for SetMotorSpeed
    user.o(i.main) refers to user.o(i.LCDControl) for LCDControl
    startup_tm4c123.o(STACK) refers (Special) to heapauxi.o(.text) for __use_two_region_memory
    startup_tm4c123.o(HEAP) refers (Special) to heapauxi.o(.text) for __use_two_region_memory
    startup_tm4c123.o(RESET) refers (Special) to heapauxi.o(.text) for __use_two_region_memory
    startup_tm4c123.o(RESET) refers to startup_tm4c123.o(STACK) for __initial_sp
    startup_tm4c123.o(RESET) refers to startup_tm4c123.o(.text) for Reset_Handler
    startup_tm4c123.o(RESET) refers to osasm_v2.o(.text) for SysTick_Handler
    startup_tm4c123.o(RESET) refers to rtos.o(i.TIMER0A_Handler) for TIMER0A_Handler
    startup_tm4c123.o(.text) refers (Special) to heapauxi.o(.text) for __use_two_region_memory
    startup_tm4c123.o(.text) refers to system_tm4c123.o(i.SystemInit) for SystemInit
    startup_tm4c123.o(.text) refers to __main.o(!!!main) for __main
    startup_tm4c123.o(.text) refers to startup_tm4c123.o(HEAP) for Heap_Mem
    startup_tm4c123.o(.text) refers to startup_tm4c123.o(STACK) for Stack_Mem
    system_tm4c123.o(i.SystemCoreClockUpdate) refers to system_tm4c123.o(i.getOscClk) for getOscClk
    system_tm4c123.o(i.SystemCoreClockUpdate) refers to system_tm4c123.o(.data) for SystemCoreClock
    __2snprintf.o(.text) refers to _printf_char_common.o(.text) for _printf_char_common
    __2snprintf.o(.text) refers to _sputc.o(.text) for _sputc
    __2snprintf.o(.text) refers to _snputc.o(.text) for _snputc
    noretval__2snprintf.o(.text) refers to _printf_char_common.o(.text) for _printf_char_common
    noretval__2snprintf.o(.text) refers to _sputc.o(.text) for _sputc
    noretval__2snprintf.o(.text) refers to _snputc.o(.text) for _snputc
    __printf.o(.text) refers to _printf_percent.o(.ARM.Collect$$_printf_percent$$00000000) for _printf_percent
    _printf_str.o(.text) refers (Special) to _printf_char.o(.text) for _printf_cs_common
    _printf_str.o(.text) refers (Weak) to _printf_pad.o(.text) for _printf_pre_padding
    _printf_str.o(.text) refers (Weak) to _printf_pad.o(.text) for _printf_post_padding
    _printf_dec.o(.text) refers to _printf_intcommon.o(.text) for _printf_int_common
    __printf_flags.o(.text) refers to _printf_percent.o(.ARM.Collect$$_printf_percent$$00000000) for _printf_percent
    __printf_flags.o(.text) refers to __printf_flags.o(.constdata) for .constdata
    __printf_ss.o(.text) refers to _printf_percent.o(.ARM.Collect$$_printf_percent$$00000000) for _printf_percent
    __printf_flags_ss.o(.text) refers to _printf_percent.o(.ARM.Collect$$_printf_percent$$00000000) for _printf_percent
    __printf_flags_ss.o(.text) refers to __printf_flags_ss.o(.constdata) for .constdata
    __printf_wp.o(.text) refers to __printf_wp.o(i._is_digit) for _is_digit
    __printf_wp.o(.text) refers to _printf_percent.o(.ARM.Collect$$_printf_percent$$00000000) for _printf_percent
    __printf_flags_wp.o(.text) refers to __printf_wp.o(i._is_digit) for _is_digit
    __printf_flags_wp.o(.text) refers to _printf_percent.o(.ARM.Collect$$_printf_percent$$00000000) for _printf_percent
    __printf_flags_wp.o(.text) refers to __printf_flags_wp.o(.constdata) for .constdata
    __printf_ss_wp.o(.text) refers to __printf_wp.o(i._is_digit) for _is_digit
    __printf_ss_wp.o(.text) refers to _printf_percent.o(.ARM.Collect$$_printf_percent$$00000000) for _printf_percent
    __printf_flags_ss_wp.o(.text) refers to __printf_wp.o(i._is_digit) for _is_digit
    __printf_flags_ss_wp.o(.text) refers to _printf_percent.o(.ARM.Collect$$_printf_percent$$00000000) for _printf_percent
    __printf_flags_ss_wp.o(.text) refers to __printf_flags_ss_wp.o(.constdata) for .constdata
    _printf_s.o(.ARM.Collect$$_printf_percent$$00000014) refers (Weak) to _printf_char.o(.text) for _printf_string
    _printf_u.o(.ARM.Collect$$_printf_percent$$0000000A) refers (Weak) to _printf_dec.o(.text) for _printf_int_dec
    _printf_percent.o(.ARM.Collect$$_printf_percent$$00000000) refers (Special) to _printf_percent_end.o(.ARM.Collect$$_printf_percent$$00000017) for _printf_percent_end
    atoi.o(.text) refers to rt_errno_addr_intlibspace.o(.text) for __aeabi_errno_addr
    atoi.o(.text) refers to strtol.o(.text) for strtol
    __main.o(!!!main) refers to __rtentry.o(.ARM.Collect$$rtentry$$00000000) for __rt_entry
    __rtentry.o(.ARM.Collect$$rtentry$$00000000) refers (Special) to __rtentry2.o(.ARM.Collect$$rtentry$$0000000A) for __rt_entry_li
    __rtentry.o(.ARM.Collect$$rtentry$$00000000) refers (Special) to __rtentry2.o(.ARM.Collect$$rtentry$$0000000D) for __rt_entry_main
    __rtentry.o(.ARM.Collect$$rtentry$$00000000) refers (Special) to __rtentry2.o(.ARM.Collect$$rtentry$$0000000C) for __rt_entry_postli_1
    __rtentry.o(.ARM.Collect$$rtentry$$00000000) refers (Special) to __rtentry2.o(.ARM.Collect$$rtentry$$00000009) for __rt_entry_postsh_1
    __rtentry.o(.ARM.Collect$$rtentry$$00000000) refers (Special) to __rtentry2.o(.ARM.Collect$$rtentry$$00000002) for __rt_entry_presh_1
    __rtentry.o(.ARM.Collect$$rtentry$$00000000) refers (Special) to __rtentry4.o(.ARM.Collect$$rtentry$$00000004) for __rt_entry_sh
    rt_errno_addr.o(.text) refers to rt_errno_addr.o(.bss) for __aeabi_errno_addr_data
    rt_errno_addr_intlibspace.o(.text) refers to libspace.o(.bss) for __libspace_start
    _printf_intcommon.o(.text) refers (Weak) to _printf_pad.o(.text) for _printf_pre_padding
    _printf_intcommon.o(.text) refers (Weak) to _printf_pad.o(.text) for _printf_pre_padding
    _printf_intcommon.o(.text) refers (Weak) to _printf_pad.o(.text) for _printf_post_padding
    _printf_char_common.o(.text) refers to __printf_flags_ss_wp.o(.text) for __printf
    _printf_char.o(.text) refers (Weak) to _printf_str.o(.text) for _printf_str
    strtol.o(.text) refers to rt_ctype_table.o(.text) for __rt_ctype_table
    strtol.o(.text) refers to _strtoul.o(.text) for _strtoul
    strtol.o(.text) refers to rt_errno_addr_intlibspace.o(.text) for __aeabi_errno_addr
    libspace.o(.text) refers to libspace.o(.bss) for __libspace_start
    __rtentry2.o(.ARM.Collect$$rtentry$$00000008) refers to boardinit2.o(.text) for _platform_post_stackheap_init
    __rtentry2.o(.ARM.Collect$$rtentry$$0000000A) refers to libinit.o(.ARM.Collect$$libinit$$00000000) for __rt_lib_init
    __rtentry2.o(.ARM.Collect$$rtentry$$0000000B) refers to boardinit3.o(.text) for _platform_post_lib_init
    __rtentry2.o(.ARM.Collect$$rtentry$$0000000D) refers to user.o(i.main) for main
    __rtentry2.o(.ARM.Collect$$rtentry$$0000000D) refers to exit.o(.text) for exit
    __rtentry2.o(.ARM.exidx) refers to __rtentry2.o(.ARM.Collect$$rtentry$$00000001) for .ARM.Collect$$rtentry$$00000001
    __rtentry2.o(.ARM.exidx) refers to __rtentry2.o(.ARM.Collect$$rtentry$$00000008) for .ARM.Collect$$rtentry$$00000008
    __rtentry2.o(.ARM.exidx) refers to __rtentry2.o(.ARM.Collect$$rtentry$$0000000A) for .ARM.Collect$$rtentry$$0000000A
    __rtentry2.o(.ARM.exidx) refers to __rtentry2.o(.ARM.Collect$$rtentry$$0000000B) for .ARM.Collect$$rtentry$$0000000B
    __rtentry2.o(.ARM.exidx) refers to __rtentry2.o(.ARM.Collect$$rtentry$$0000000D) for .ARM.Collect$$rtentry$$0000000D
    __rtentry4.o(.ARM.Collect$$rtentry$$00000004) refers to sys_stackheap_outer.o(.text) for __user_setup_stackheap
    __rtentry4.o(.ARM.exidx) refers to __rtentry4.o(.ARM.Collect$$rtentry$$00000004) for .ARM.Collect$$rtentry$$00000004
    rt_ctype_table.o(.text) refers to rt_locale_intlibspace.o(.text) for __rt_locale
    rt_ctype_table.o(.text) refers to lc_ctype_c.o(locale$$code) for _get_lc_ctype
    _strtoul.o(.text) refers to _chval.o(.text) for _chval
    _strtoul.o(.text) refers to rt_errno_addr_intlibspace.o(.text) for __aeabi_errno_addr
    sys_stackheap_outer.o(.text) refers to libspace.o(.text) for __user_perproc_libspace
    sys_stackheap_outer.o(.text) refers to startup_tm4c123.o(.text) for __user_initial_stackheap
    rt_locale.o(.text) refers to rt_locale.o(.bss) for __rt_locale_data
    rt_locale_intlibspace.o(.text) refers to libspace.o(.bss) for __libspace_start
    lc_ctype_c.o(locale$$data) refers (Special) to libinit2.o(.ARM.Collect$$libinit$$00000012) for __rt_lib_init_lc_ctype_2
    lc_ctype_c.o(locale$$code) refers (Special) to libinit2.o(.ARM.Collect$$libinit$$00000012) for __rt_lib_init_lc_ctype_2
    lc_ctype_c.o(locale$$code) refers to strcmpv7m.o(.text) for strcmp
    lc_ctype_c.o(locale$$code) refers to lc_ctype_c.o(locale$$data) for __lcctype_c_name
    exit.o(.text) refers to rtexit.o(.ARM.Collect$$rtexit$$00000000) for __rt_exit
    libinit.o(.ARM.Collect$$libinit$$00000000) refers (Special) to libinit2.o(.ARM.Collect$$libinit$$0000002E) for __rt_lib_init_alloca_1
    libinit.o(.ARM.Collect$$libinit$$00000000) refers (Special) to libinit2.o(.ARM.Collect$$libinit$$0000002C) for __rt_lib_init_argv_1
    libinit.o(.ARM.Collect$$libinit$$00000000) refers (Special) to libinit2.o(.ARM.Collect$$libinit$$0000001B) for __rt_lib_init_atexit_1
    libinit.o(.ARM.Collect$$libinit$$00000000) refers (Special) to libinit2.o(.ARM.Collect$$libinit$$00000021) for __rt_lib_init_clock_1
    libinit.o(.ARM.Collect$$libinit$$00000000) refers (Special) to libinit2.o(.ARM.Collect$$libinit$$00000032) for __rt_lib_init_cpp_1
    libinit.o(.ARM.Collect$$libinit$$00000000) refers (Special) to libinit2.o(.ARM.Collect$$libinit$$00000030) for __rt_lib_init_exceptions_1
    libinit.o(.ARM.Collect$$libinit$$00000000) refers (Special) to libinit2.o(.ARM.Collect$$libinit$$00000002) for __rt_lib_init_fp_1
    libinit.o(.ARM.Collect$$libinit$$00000000) refers (Special) to libinit2.o(.ARM.Collect$$libinit$$0000001F) for __rt_lib_init_fp_trap_1
    libinit.o(.ARM.Collect$$libinit$$00000000) refers (Special) to libinit2.o(.ARM.Collect$$libinit$$00000023) for __rt_lib_init_getenv_1
    libinit.o(.ARM.Collect$$libinit$$00000000) refers (Special) to libinit2.o(.ARM.Collect$$libinit$$0000000A) for __rt_lib_init_heap_1
    libinit.o(.ARM.Collect$$libinit$$00000000) refers (Special) to libinit2.o(.ARM.Collect$$libinit$$00000011) for __rt_lib_init_lc_collate_1
    libinit.o(.ARM.Collect$$libinit$$00000000) refers (Special) to libinit2.o(.ARM.Collect$$libinit$$00000013) for __rt_lib_init_lc_ctype_1
    libinit.o(.ARM.Collect$$libinit$$00000000) refers (Special) to libinit2.o(.ARM.Collect$$libinit$$00000015) for __rt_lib_init_lc_monetary_1
    libinit.o(.ARM.Collect$$libinit$$00000000) refers (Special) to libinit2.o(.ARM.Collect$$libinit$$00000017) for __rt_lib_init_lc_numeric_1
    libinit.o(.ARM.Collect$$libinit$$00000000) refers (Special) to libinit2.o(.ARM.Collect$$libinit$$00000019) for __rt_lib_init_lc_time_1
    libinit.o(.ARM.Collect$$libinit$$00000000) refers (Special) to libinit2.o(.ARM.Collect$$libinit$$00000004) for __rt_lib_init_preinit_1
    libinit.o(.ARM.Collect$$libinit$$00000000) refers (Special) to libinit2.o(.ARM.Collect$$libinit$$0000000E) for __rt_lib_init_rand_1
    libinit.o(.ARM.Collect$$libinit$$00000000) refers (Special) to libinit2.o(.ARM.Collect$$libinit$$00000033) for __rt_lib_init_return
    libinit.o(.ARM.Collect$$libinit$$00000000) refers (Special) to libinit2.o(.ARM.Collect$$libinit$$0000001D) for __rt_lib_init_signal_1
    libinit.o(.ARM.Collect$$libinit$$00000000) refers (Special) to libinit2.o(.ARM.Collect$$libinit$$00000025) for __rt_lib_init_stdio_1
    libinit.o(.ARM.Collect$$libinit$$00000000) refers (Special) to libinit2.o(.ARM.Collect$$libinit$$0000000C) for __rt_lib_init_user_alloc_1
    rtexit.o(.ARM.Collect$$rtexit$$00000000) refers (Special) to rtexit2.o(.ARM.Collect$$rtexit$$00000004) for __rt_exit_exit
    rtexit.o(.ARM.Collect$$rtexit$$00000000) refers (Special) to rtexit2.o(.ARM.Collect$$rtexit$$00000003) for __rt_exit_ls
    rtexit.o(.ARM.Collect$$rtexit$$00000000) refers (Special) to rtexit2.o(.ARM.Collect$$rtexit$$00000002) for __rt_exit_prels_1
    rtexit.o(.ARM.exidx) refers (Special) to rtexit2.o(.ARM.Collect$$rtexit$$00000004) for __rt_exit_exit
    rtexit.o(.ARM.exidx) refers (Special) to rtexit2.o(.ARM.Collect$$rtexit$$00000003) for __rt_exit_ls
    rtexit.o(.ARM.exidx) refers (Special) to rtexit2.o(.ARM.Collect$$rtexit$$00000002) for __rt_exit_prels_1
    rtexit.o(.ARM.exidx) refers to rtexit.o(.ARM.Collect$$rtexit$$00000000) for .ARM.Collect$$rtexit$$00000000
    libinit2.o(.ARM.Collect$$libinit$$0000000F) refers (Weak) to rt_locale_intlibspace.o(.text) for __rt_locale
    libinit2.o(.ARM.Collect$$libinit$$00000010) refers to libinit2.o(.ARM.Collect$$libinit$$0000000F) for .ARM.Collect$$libinit$$0000000F
    libinit2.o(.ARM.Collect$$libinit$$00000012) refers to libinit2.o(.ARM.Collect$$libinit$$0000000F) for .ARM.Collect$$libinit$$0000000F
    libinit2.o(.ARM.Collect$$libinit$$00000012) refers (Weak) to lc_ctype_c.o(locale$$code) for _get_lc_ctype
    libinit2.o(.ARM.Collect$$libinit$$00000014) refers to libinit2.o(.ARM.Collect$$libinit$$0000000F) for .ARM.Collect$$libinit$$0000000F
    libinit2.o(.ARM.Collect$$libinit$$00000016) refers to libinit2.o(.ARM.Collect$$libinit$$0000000F) for .ARM.Collect$$libinit$$0000000F
    libinit2.o(.ARM.Collect$$libinit$$00000018) refers to libinit2.o(.ARM.Collect$$libinit$$0000000F) for .ARM.Collect$$libinit$$0000000F
    libinit2.o(.ARM.Collect$$libinit$$00000026) refers to argv_veneer.o(.emb_text) for __ARM_argv_veneer
    libinit2.o(.ARM.Collect$$libinit$$00000027) refers to argv_veneer.o(.emb_text) for __ARM_argv_veneer
    rtexit2.o(.ARM.Collect$$rtexit$$00000003) refers to libshutdown.o(.ARM.Collect$$libshutdown$$00000000) for __rt_lib_shutdown
    rtexit2.o(.ARM.Collect$$rtexit$$00000004) refers to sys_exit.o(.text) for _sys_exit
    rtexit2.o(.ARM.exidx) refers to rtexit2.o(.ARM.Collect$$rtexit$$00000001) for .ARM.Collect$$rtexit$$00000001
    rtexit2.o(.ARM.exidx) refers to rtexit2.o(.ARM.Collect$$rtexit$$00000003) for .ARM.Collect$$rtexit$$00000003
    rtexit2.o(.ARM.exidx) refers to rtexit2.o(.ARM.Collect$$rtexit$$00000004) for .ARM.Collect$$rtexit$$00000004
    argv_veneer.o(.emb_text) refers to no_argv.o(.text) for __ARM_get_argv
    sys_exit.o(.text) refers (Special) to use_no_semi.o(.text) for __I$use$semihosting
    sys_exit.o(.text) refers (Special) to indicate_semi.o(.text) for __semihosting_library_function
    _get_argv_nomalloc.o(.text) refers (Special) to hrguard.o(.text) for __heap_region$guard
    _get_argv_nomalloc.o(.text) refers to defsig_rtmem_outer.o(.text) for __rt_SIGRTMEM
    _get_argv_nomalloc.o(.text) refers to sys_command.o(.text) for _sys_command_string
    libshutdown.o(.ARM.Collect$$libshutdown$$00000000) refers (Special) to libshutdown2.o(.ARM.Collect$$libshutdown$$00000002) for __rt_lib_shutdown_cpp_1
    libshutdown.o(.ARM.Collect$$libshutdown$$00000000) refers (Special) to libshutdown2.o(.ARM.Collect$$libshutdown$$00000007) for __rt_lib_shutdown_fp_trap_1
    libshutdown.o(.ARM.Collect$$libshutdown$$00000000) refers (Special) to libshutdown2.o(.ARM.Collect$$libshutdown$$0000000F) for __rt_lib_shutdown_heap_1
    libshutdown.o(.ARM.Collect$$libshutdown$$00000000) refers (Special) to libshutdown2.o(.ARM.Collect$$libshutdown$$00000010) for __rt_lib_shutdown_return
    libshutdown.o(.ARM.Collect$$libshutdown$$00000000) refers (Special) to libshutdown2.o(.ARM.Collect$$libshutdown$$0000000A) for __rt_lib_shutdown_signal_1
    libshutdown.o(.ARM.Collect$$libshutdown$$00000000) refers (Special) to libshutdown2.o(.ARM.Collect$$libshutdown$$00000004) for __rt_lib_shutdown_stdio_1
    libshutdown.o(.ARM.Collect$$libshutdown$$00000000) refers (Special) to libshutdown2.o(.ARM.Collect$$libshutdown$$0000000C) for __rt_lib_shutdown_user_alloc_1
    sys_command.o(.text) refers (Special) to use_no_semi.o(.text) for __I$use$semihosting
    sys_command.o(.text) refers (Special) to indicate_semi.o(.text) for __semihosting_library_function
    defsig_rtmem_outer.o(.text) refers to defsig_rtmem_inner.o(.text) for __rt_SIGRTMEM_inner
    defsig_rtmem_outer.o(.text) refers to defsig_exit.o(.text) for __sig_exit
    defsig_rtmem_formal.o(.text) refers to rt_raise.o(.text) for __rt_raise
    rt_raise.o(.text) refers to __raise.o(.text) for __raise
    rt_raise.o(.text) refers to sys_exit.o(.text) for _sys_exit
    defsig_exit.o(.text) refers to sys_exit.o(.text) for _sys_exit
    defsig_rtmem_inner.o(.text) refers to defsig_general.o(.text) for __default_signal_display
    __raise.o(.text) refers to defsig.o(CL$$defsig) for __default_signal_handler
    defsig_general.o(.text) refers to sys_wrch.o(.text) for _ttywrch
    sys_wrch.o(.text) refers (Special) to use_no_semi.o(.text) for __I$use$semihosting
    sys_wrch.o(.text) refers (Special) to indicate_semi.o(.text) for __semihosting_library_function
    defsig.o(CL$$defsig) refers to defsig_rtmem_inner.o(.text) for __rt_SIGRTMEM_inner
    defsig_abrt_inner.o(.text) refers to defsig_general.o(.text) for __default_signal_display
    defsig_fpe_inner.o(.text) refers to defsig_general.o(.text) for __default_signal_display
    defsig_rtred_inner.o(.text) refers to defsig_general.o(.text) for __default_signal_display
    defsig_stak_inner.o(.text) refers to defsig_general.o(.text) for __default_signal_display
    defsig_pvfn_inner.o(.text) refers to defsig_general.o(.text) for __default_signal_display
    defsig_cppl_inner.o(.text) refers to defsig_general.o(.text) for __default_signal_display
    defsig_segv_inner.o(.text) refers to defsig_general.o(.text) for __default_signal_display
    defsig_other.o(.text) refers to defsig_general.o(.text) for __default_signal_display


==============================================================================

Removing Unused input sections from the image.

    Removing ascii_conversions.o(.text), (138 bytes).
    Removing pwmdriver.o(.rev16_text), (4 bytes).
    Removing pwmdriver.o(.revsh_text), (4 bytes).
    Removing pwmdriver.o(.rrx_text), (6 bytes).
    Removing pwmdriver.o(i.MOT34_Forward), (28 bytes).
    Removing pwmdriver.o(i.MOT34_Init), (264 bytes).
    Removing pwmdriver.o(i.MOT34_Reverse), (28 bytes).
    Removing pwmdriver.o(i.MOT34_Speed_Set), (12 bytes).
    Removing rtos.o(i.OS_FIFO_Empty), (20 bytes).
    Removing rtos.o(i.OS_FIFO_Full), (20 bytes).
    Removing rtos.o(i.OS_FIFO_Get), (56 bytes).
    Removing rtos.o(i.OS_FIFO_Next), (44 bytes).
    Removing rtos.o(i.OS_FIFO_Put), (72 bytes).
    Removing rtos.o(i.OS_Sleep), (20 bytes).
    Removing rtos.o(i.OS_Sleep_Left), (16 bytes).
    Removing rtos.o(i.RecvMail), (24 bytes).
    Removing rtos.o(i.SendMail), (48 bytes).
    Removing user.o(.rev16_text), (4 bytes).
    Removing user.o(.revsh_text), (4 bytes).
    Removing user.o(.rrx_text), (6 bytes).
    Removing user.o(i.PI_Handler), (172 bytes).
    Removing voltage2rpm.o(.rev16_text), (4 bytes).
    Removing voltage2rpm.o(.revsh_text), (4 bytes).
    Removing voltage2rpm.o(.rrx_text), (6 bytes).
    Removing voltage2rpm.o(i.Current_speed), (26 bytes).
    Removing system_tm4c123.o(.rev16_text), (4 bytes).
    Removing system_tm4c123.o(.revsh_text), (4 bytes).
    Removing system_tm4c123.o(.rrx_text), (6 bytes).
    Removing system_tm4c123.o(i.SystemCoreClockUpdate), (196 bytes).
    Removing system_tm4c123.o(i.getOscClk), (244 bytes).
    Removing system_tm4c123.o(.data), (4 bytes).

31 unused section(s) (total 1488 bytes) removed from the image.

==============================================================================

Image Symbol Table

    Local Symbols

    Symbol Name                              Value     Ov Type        Size  Object(Section)

    RESET                                    0x00000000   Section      620  startup_tm4c123.o(RESET)
    ../clib/angel/boardlib.s                 0x00000000   Number         0  boardinit3.o ABSOLUTE
    ../clib/angel/boardlib.s                 0x00000000   Number         0  boardshut.o ABSOLUTE
    ../clib/angel/boardlib.s                 0x00000000   Number         0  boardinit1.o ABSOLUTE
    ../clib/angel/boardlib.s                 0x00000000   Number         0  boardinit2.o ABSOLUTE
    ../clib/angel/handlers.s                 0x00000000   Number         0  __scatter_zi.o ABSOLUTE
    ../clib/angel/handlers.s                 0x00000000   Number         0  __scatter_copy.o ABSOLUTE
    ../clib/angel/kernel.s                   0x00000000   Number         0  __rtentry.o ABSOLUTE
    ../clib/angel/kernel.s                   0x00000000   Number         0  rtexit.o ABSOLUTE
    ../clib/angel/kernel.s                   0x00000000   Number         0  __rtentry4.o ABSOLUTE
    ../clib/angel/kernel.s                   0x00000000   Number         0  __rtentry2.o ABSOLUTE
    ../clib/angel/kernel.s                   0x00000000   Number         0  rtexit2.o ABSOLUTE
    ../clib/angel/rt.s                       0x00000000   Number         0  rt_errno_addr.o ABSOLUTE
    ../clib/angel/rt.s                       0x00000000   Number         0  rt_ctype_table.o ABSOLUTE
    ../clib/angel/rt.s                       0x00000000   Number         0  rt_locale_intlibspace.o ABSOLUTE
    ../clib/angel/rt.s                       0x00000000   Number         0  rt_errno_addr_intlibspace.o ABSOLUTE
    ../clib/angel/rt.s                       0x00000000   Number         0  rt_locale.o ABSOLUTE
    ../clib/angel/rt.s                       0x00000000   Number         0  rt_raise.o ABSOLUTE
    ../clib/angel/scatter.s                  0x00000000   Number         0  __scatter.o ABSOLUTE
    ../clib/angel/startup.s                  0x00000000   Number         0  __main.o ABSOLUTE
    ../clib/angel/sys.s                      0x00000000   Number         0  sys_stackheap_outer.o ABSOLUTE
    ../clib/angel/sys.s                      0x00000000   Number         0  use_no_semi.o ABSOLUTE
    ../clib/angel/sys.s                      0x00000000   Number         0  libspace.o ABSOLUTE
    ../clib/angel/sys.s                      0x00000000   Number         0  indicate_semi.o ABSOLUTE
    ../clib/angel/sysapp.c                   0x00000000   Number         0  sys_wrch.o ABSOLUTE
    ../clib/angel/sysapp.c                   0x00000000   Number         0  sys_command.o ABSOLUTE
    ../clib/angel/sysapp.c                   0x00000000   Number         0  sys_exit.o ABSOLUTE
    ../clib/armsys.c                         0x00000000   Number         0  no_argv.o ABSOLUTE
    ../clib/armsys.c                         0x00000000   Number         0  _get_argv_nomalloc.o ABSOLUTE
    ../clib/armsys.c                         0x00000000   Number         0  argv_veneer.o ABSOLUTE
    ../clib/armsys.c                         0x00000000   Number         0  argv_veneer.o ABSOLUTE
    ../clib/heapalloc.c                      0x00000000   Number         0  hrguard.o ABSOLUTE
    ../clib/heapaux.c                        0x00000000   Number         0  heapauxi.o ABSOLUTE
    ../clib/libinit.s                        0x00000000   Number         0  libinit2.o ABSOLUTE
    ../clib/libinit.s                        0x00000000   Number         0  libshutdown.o ABSOLUTE
    ../clib/libinit.s                        0x00000000   Number         0  libshutdown2.o ABSOLUTE
    ../clib/libinit.s                        0x00000000   Number         0  libinit.o ABSOLUTE
    ../clib/locale.s                         0x00000000   Number         0  lc_ctype_c.o ABSOLUTE
    ../clib/memcpset.s                       0x00000000   Number         0  strcmpv7m.o ABSOLUTE
    ../clib/misc.s                           0x00000000   Number         0  printf_stubs.o ABSOLUTE
    ../clib/printf.c                         0x00000000   Number         0  __printf_flags_wp.o ABSOLUTE
    ../clib/printf.c                         0x00000000   Number         0  __2snprintf.o ABSOLUTE
    ../clib/printf.c                         0x00000000   Number         0  _printf_str.o ABSOLUTE
    ../clib/printf.c                         0x00000000   Number         0  __printf_wp.o ABSOLUTE
    ../clib/printf.c                         0x00000000   Number         0  __printf_flags_ss.o ABSOLUTE
    ../clib/printf.c                         0x00000000   Number         0  __printf.o ABSOLUTE
    ../clib/printf.c                         0x00000000   Number         0  __printf_ss.o ABSOLUTE
    ../clib/printf.c                         0x00000000   Number         0  __printf_flags.o ABSOLUTE
    ../clib/printf.c                         0x00000000   Number         0  __printf_nopercent.o ABSOLUTE
    ../clib/printf.c                         0x00000000   Number         0  noretval__2snprintf.o ABSOLUTE
    ../clib/printf.c                         0x00000000   Number         0  _printf_intcommon.o ABSOLUTE
    ../clib/printf.c                         0x00000000   Number         0  _printf_pad.o ABSOLUTE
    ../clib/printf.c                         0x00000000   Number         0  _printf_char_common.o ABSOLUTE
    ../clib/printf.c                         0x00000000   Number         0  _printf_dec.o ABSOLUTE
    ../clib/printf.c                         0x00000000   Number         0  __printf_flags_ss_wp.o ABSOLUTE
    ../clib/printf.c                         0x00000000   Number         0  _sputc.o ABSOLUTE
    ../clib/printf.c                         0x00000000   Number         0  _snputc.o ABSOLUTE
    ../clib/printf.c                         0x00000000   Number         0  __printf_ss_wp.o ABSOLUTE
    ../clib/printf.c                         0x00000000   Number         0  _printf_char.o ABSOLUTE
    ../clib/printf_percent.s                 0x00000000   Number         0  _printf_percent_end.o ABSOLUTE
    ../clib/printf_percent.s                 0x00000000   Number         0  _printf_percent.o ABSOLUTE
    ../clib/printf_percent.s                 0x00000000   Number         0  _printf_s.o ABSOLUTE
    ../clib/printf_percent.s                 0x00000000   Number         0  _printf_u.o ABSOLUTE
    ../clib/scanf.c                          0x00000000   Number         0  _chval.o ABSOLUTE
    ../clib/scanf.c                          0x00000000   Number         0  _strtoul.o ABSOLUTE
    ../clib/scanf.c                          0x00000000   Number         0  atoi.o ABSOLUTE
    ../clib/scanf.c                          0x00000000   Number         0  strtol.o ABSOLUTE
    ../clib/signal.c                         0x00000000   Number         0  defsig_rtred_inner.o ABSOLUTE
    ../clib/signal.c                         0x00000000   Number         0  defsig_stak_inner.o ABSOLUTE
    ../clib/signal.c                         0x00000000   Number         0  defsig_pvfn_inner.o ABSOLUTE
    ../clib/signal.c                         0x00000000   Number         0  defsig_cppl_inner.o ABSOLUTE
    ../clib/signal.c                         0x00000000   Number         0  defsig_rtmem_formal.o ABSOLUTE
    ../clib/signal.c                         0x00000000   Number         0  defsig_segv_inner.o ABSOLUTE
    ../clib/signal.c                         0x00000000   Number         0  defsig_rtmem_outer.o ABSOLUTE
    ../clib/signal.c                         0x00000000   Number         0  defsig_exit.o ABSOLUTE
    ../clib/signal.c                         0x00000000   Number         0  defsig_other.o ABSOLUTE
    ../clib/signal.c                         0x00000000   Number         0  defsig_rtmem_inner.o ABSOLUTE
    ../clib/signal.c                         0x00000000   Number         0  defsig_general.o ABSOLUTE
    ../clib/signal.c                         0x00000000   Number         0  __raise.o ABSOLUTE
    ../clib/signal.c                         0x00000000   Number         0  defsig_abrt_inner.o ABSOLUTE
    ../clib/signal.c                         0x00000000   Number         0  defsig_fpe_inner.o ABSOLUTE
    ../clib/signal.s                         0x00000000   Number         0  defsig.o ABSOLUTE
    ../clib/stdlib.c                         0x00000000   Number         0  exit.o ABSOLUTE
    ../fplib/fpinit.s                        0x00000000   Number         0  fpinit.o ABSOLUTE
    ASCII_Conversions.s                      0x00000000   Number         0  ascii_conversions.o ABSOLUTE
    Keypad.s                                 0x00000000   Number         0  keypad.o ABSOLUTE
    LCD.s                                    0x00000000   Number         0  lcd.o ABSOLUTE
    RTE\Device\TM4C123GH6PM\startup_TM4C123.s 0x00000000   Number         0  startup_tm4c123.o ABSOLUTE
    RTE\Device\TM4C123GH6PM\system_TM4C123.c 0x00000000   Number         0  system_tm4c123.o ABSOLUTE
    RTE\\Device\\TM4C123GH6PM\\system_TM4C123.c 0x00000000   Number         0  system_tm4c123.o ABSOLUTE
    Voltage2RPM.c                            0x00000000   Number         0  voltage2rpm.o ABSOLUTE
    Voltage2RPM.c                            0x00000000   Number         0  voltage2rpm.o ABSOLUTE
    dc.s                                     0x00000000   Number         0  dc.o ABSOLUTE
    osasm_V2.s                               0x00000000   Number         0  osasm_v2.o ABSOLUTE
    pwmDriver.c                              0x00000000   Number         0  pwmdriver.o ABSOLUTE
    pwmDriver.c                              0x00000000   Number         0  pwmdriver.o ABSOLUTE
    rtos.c                                   0x00000000   Number         0  rtos.o ABSOLUTE
    user.c                                   0x00000000   Number         0  user.o ABSOLUTE
    user.c                                   0x00000000   Number         0  user.o ABSOLUTE
    !!!main                                  0x0000026c   Section        8  __main.o(!!!main)
    !!!scatter                               0x00000274   Section       52  __scatter.o(!!!scatter)
    !!handler_copy                           0x000002a8   Section       26  __scatter_copy.o(!!handler_copy)
    !!handler_zi                             0x000002c4   Section       28  __scatter_zi.o(!!handler_zi)
    .ARM.Collect$$_printf_percent$$00000000  0x000002e0   Section        0  _printf_percent.o(.ARM.Collect$$_printf_percent$$00000000)
    .ARM.Collect$$_printf_percent$$0000000A  0x000002e0   Section        6  _printf_u.o(.ARM.Collect$$_printf_percent$$0000000A)
    .ARM.Collect$$_printf_percent$$00000014  0x000002e6   Section        6  _printf_s.o(.ARM.Collect$$_printf_percent$$00000014)
    .ARM.Collect$$_printf_percent$$00000017  0x000002ec   Section        4  _printf_percent_end.o(.ARM.Collect$$_printf_percent$$00000017)
    .ARM.Collect$$libinit$$00000000          0x000002f0   Section        2  libinit.o(.ARM.Collect$$libinit$$00000000)
    .ARM.Collect$$libinit$$00000002          0x000002f2   Section        0  libinit2.o(.ARM.Collect$$libinit$$00000002)
    .ARM.Collect$$libinit$$00000004          0x000002f2   Section        0  libinit2.o(.ARM.Collect$$libinit$$00000004)
    .ARM.Collect$$libinit$$0000000A          0x000002f2   Section        0  libinit2.o(.ARM.Collect$$libinit$$0000000A)
    .ARM.Collect$$libinit$$0000000C          0x000002f2   Section        0  libinit2.o(.ARM.Collect$$libinit$$0000000C)
    .ARM.Collect$$libinit$$0000000E          0x000002f2   Section        0  libinit2.o(.ARM.Collect$$libinit$$0000000E)
    .ARM.Collect$$libinit$$0000000F          0x000002f2   Section        6  libinit2.o(.ARM.Collect$$libinit$$0000000F)
    .ARM.Collect$$libinit$$00000011          0x000002f8   Section        0  libinit2.o(.ARM.Collect$$libinit$$00000011)
    .ARM.Collect$$libinit$$00000012          0x000002f8   Section       12  libinit2.o(.ARM.Collect$$libinit$$00000012)
    .ARM.Collect$$libinit$$00000013          0x00000304   Section        0  libinit2.o(.ARM.Collect$$libinit$$00000013)
    .ARM.Collect$$libinit$$00000015          0x00000304   Section        0  libinit2.o(.ARM.Collect$$libinit$$00000015)
    .ARM.Collect$$libinit$$00000017          0x00000304   Section        0  libinit2.o(.ARM.Collect$$libinit$$00000017)
    .ARM.Collect$$libinit$$00000019          0x00000304   Section        0  libinit2.o(.ARM.Collect$$libinit$$00000019)
    .ARM.Collect$$libinit$$0000001B          0x00000304   Section        0  libinit2.o(.ARM.Collect$$libinit$$0000001B)
    .ARM.Collect$$libinit$$0000001D          0x00000304   Section        0  libinit2.o(.ARM.Collect$$libinit$$0000001D)
    .ARM.Collect$$libinit$$0000001F          0x00000304   Section        0  libinit2.o(.ARM.Collect$$libinit$$0000001F)
    .ARM.Collect$$libinit$$00000021          0x00000304   Section        0  libinit2.o(.ARM.Collect$$libinit$$00000021)
    .ARM.Collect$$libinit$$00000023          0x00000304   Section        0  libinit2.o(.ARM.Collect$$libinit$$00000023)
    .ARM.Collect$$libinit$$00000025          0x00000304   Section        0  libinit2.o(.ARM.Collect$$libinit$$00000025)
    .ARM.Collect$$libinit$$0000002C          0x00000304   Section        0  libinit2.o(.ARM.Collect$$libinit$$0000002C)
    .ARM.Collect$$libinit$$0000002E          0x00000304   Section        0  libinit2.o(.ARM.Collect$$libinit$$0000002E)
    .ARM.Collect$$libinit$$00000030          0x00000304   Section        0  libinit2.o(.ARM.Collect$$libinit$$00000030)
    .ARM.Collect$$libinit$$00000032          0x00000304   Section        0  libinit2.o(.ARM.Collect$$libinit$$00000032)
    .ARM.Collect$$libinit$$00000033          0x00000304   Section        2  libinit2.o(.ARM.Collect$$libinit$$00000033)
    .ARM.Collect$$libshutdown$$00000000      0x00000306   Section        2  libshutdown.o(.ARM.Collect$$libshutdown$$00000000)
    .ARM.Collect$$libshutdown$$00000002      0x00000308   Section        0  libshutdown2.o(.ARM.Collect$$libshutdown$$00000002)
    .ARM.Collect$$libshutdown$$00000004      0x00000308   Section        0  libshutdown2.o(.ARM.Collect$$libshutdown$$00000004)
    .ARM.Collect$$libshutdown$$00000007      0x00000308   Section        0  libshutdown2.o(.ARM.Collect$$libshutdown$$00000007)
    .ARM.Collect$$libshutdown$$0000000A      0x00000308   Section        0  libshutdown2.o(.ARM.Collect$$libshutdown$$0000000A)
    .ARM.Collect$$libshutdown$$0000000C      0x00000308   Section        0  libshutdown2.o(.ARM.Collect$$libshutdown$$0000000C)
    .ARM.Collect$$libshutdown$$0000000F      0x00000308   Section        0  libshutdown2.o(.ARM.Collect$$libshutdown$$0000000F)
    .ARM.Collect$$libshutdown$$00000010      0x00000308   Section        2  libshutdown2.o(.ARM.Collect$$libshutdown$$00000010)
    .ARM.Collect$$rtentry$$00000000          0x0000030a   Section        0  __rtentry.o(.ARM.Collect$$rtentry$$00000000)
    .ARM.Collect$$rtentry$$00000002          0x0000030a   Section        0  __rtentry2.o(.ARM.Collect$$rtentry$$00000002)
    .ARM.Collect$$rtentry$$00000004          0x0000030a   Section        6  __rtentry4.o(.ARM.Collect$$rtentry$$00000004)
    .ARM.Collect$$rtentry$$00000009          0x00000310   Section        0  __rtentry2.o(.ARM.Collect$$rtentry$$00000009)
    .ARM.Collect$$rtentry$$0000000A          0x00000310   Section        4  __rtentry2.o(.ARM.Collect$$rtentry$$0000000A)
    .ARM.Collect$$rtentry$$0000000C          0x00000314   Section        0  __rtentry2.o(.ARM.Collect$$rtentry$$0000000C)
    .ARM.Collect$$rtentry$$0000000D          0x00000314   Section        8  __rtentry2.o(.ARM.Collect$$rtentry$$0000000D)
    .ARM.Collect$$rtexit$$00000000           0x0000031c   Section        2  rtexit.o(.ARM.Collect$$rtexit$$00000000)
    .ARM.Collect$$rtexit$$00000002           0x0000031e   Section        0  rtexit2.o(.ARM.Collect$$rtexit$$00000002)
    .ARM.Collect$$rtexit$$00000003           0x0000031e   Section        4  rtexit2.o(.ARM.Collect$$rtexit$$00000003)
    .ARM.Collect$$rtexit$$00000004           0x00000322   Section        6  rtexit2.o(.ARM.Collect$$rtexit$$00000004)
    .text                                    0x00000328   Section      588  keypad.o(.text)
    .text                                    0x00000574   Section      588  lcd.o(.text)
    .text                                    0x000007c0   Section       84  osasm_v2.o(.text)
    .text                                    0x00000814   Section      296  startup_tm4c123.o(.text)
    .text                                    0x0000093c   Section        0  noretval__2snprintf.o(.text)
    .text                                    0x00000970   Section        0  _printf_pad.o(.text)
    .text                                    0x000009be   Section        0  _printf_str.o(.text)
    .text                                    0x00000a10   Section        0  _printf_dec.o(.text)
    .text                                    0x00000a88   Section        0  __printf_flags_ss_wp.o(.text)
    .text                                    0x00000c10   Section        0  atoi.o(.text)
    .text                                    0x00000c2a   Section        0  heapauxi.o(.text)
    .text                                    0x00000c30   Section        8  rt_errno_addr_intlibspace.o(.text)
    .text                                    0x00000c38   Section        0  _printf_intcommon.o(.text)
    .text                                    0x00000cec   Section        0  _printf_char_common.o(.text)
    _printf_input_char                       0x00000ced   Thumb Code    10  _printf_char_common.o(.text)
    .text                                    0x00000d1c   Section        0  _sputc.o(.text)
    .text                                    0x00000d26   Section        0  _snputc.o(.text)
    .text                                    0x00000d36   Section        0  _printf_char.o(.text)
    .text                                    0x00000d62   Section        0  strtol.o(.text)
    .text                                    0x00000dd4   Section        8  libspace.o(.text)
    .text                                    0x00000ddc   Section       16  rt_ctype_table.o(.text)
    .text                                    0x00000dec   Section        0  _strtoul.o(.text)
    .text                                    0x00000e8a   Section       74  sys_stackheap_outer.o(.text)
    .text                                    0x00000ed4   Section        8  rt_locale_intlibspace.o(.text)
    .text                                    0x00000edc   Section        0  _chval.o(.text)
    .text                                    0x00000ef8   Section        0  exit.o(.text)
    .text                                    0x00000f0c   Section      128  strcmpv7m.o(.text)
    .text                                    0x00000f8c   Section        0  sys_exit.o(.text)
    .text                                    0x00000f98   Section        2  use_no_semi.o(.text)
    .text                                    0x00000f9a   Section        0  indicate_semi.o(.text)
    i.Clock_Init                             0x00000f9c   Section        0  rtos.o(i.Clock_Init)
    i.InputControl                           0x00000fc0   Section        0  user.o(i.InputControl)
    i.LCDControl                             0x00001044   Section        0  user.o(i.LCDControl)
    i.OS_AddThreads                          0x000010dc   Section        0  rtos.o(i.OS_AddThreads)
    i.OS_FIFO_Init                           0x00001140   Section        0  rtos.o(i.OS_FIFO_Init)
    i.OS_Init                                0x00001154   Section        0  rtos.o(i.OS_Init)
    i.OS_Launch                              0x00001180   Section        0  rtos.o(i.OS_Launch)
    i.OS_Schedule                            0x00001198   Section        0  rtos.o(i.OS_Schedule)
    i.OS_Signal                              0x000011e8   Section        0  rtos.o(i.OS_Signal)
    i.OS_Suspend                             0x0000121c   Section        0  rtos.o(i.OS_Suspend)
    i.OS_Wait                                0x00001230   Section        0  rtos.o(i.OS_Wait)
    i.SetInitialStack                        0x0000125c   Section        0  rtos.o(i.SetInitialStack)
    i.SetMotorSpeed                          0x000013ac   Section        0  user.o(i.SetMotorSpeed)
    i.SystemInit                             0x000013bc   Section        0  system_tm4c123.o(i.SystemInit)
    i.TIMER0A_Handler                        0x00001444   Section        0  rtos.o(i.TIMER0A_Handler)
    i._is_digit                              0x00001446   Section        0  __printf_wp.o(i._is_digit)
    i.main                                   0x00001454   Section        0  user.o(i.main)
    locale$$code                             0x0000148c   Section       44  lc_ctype_c.o(locale$$code)
    .constdata                               0x000014b8   Section       17  __printf_flags_ss_wp.o(.constdata)
    maptable                                 0x000014b8   Data          17  __printf_flags_ss_wp.o(.constdata)
    locale$$data                             0x000014ec   Section      272  lc_ctype_c.o(locale$$data)
    __lcctype_c_name                         0x000014f0   Data           2  lc_ctype_c.o(locale$$data)
    __lcctype_c_start                        0x000014f8   Data           0  lc_ctype_c.o(locale$$data)
    __lcctype_c_end                          0x000015fc   Data           0  lc_ctype_c.o(locale$$data)
    .data                                    0x20000000   Section       28  rtos.o(.data)
    .data                                    0x2000001c   Section       33  user.o(.data)
    RAMData                                  0x20000040   Section        8  keypad.o(RAMData)
    RFlag                                    0x20000040   Data           4  keypad.o(RAMData)
    Key                                      0x20000044   Data           4  keypad.o(RAMData)
    .bss                                     0x20000048   Section     1288  rtos.o(.bss)
    .bss                                     0x20000550   Section       96  libspace.o(.bss)
    HEAP                                     0x200005b0   Section        0  startup_tm4c123.o(HEAP)
    STACK                                    0x200005b0   Section      512  startup_tm4c123.o(STACK)
    Heap_Mem                                 0x200005b0   Data           0  startup_tm4c123.o(HEAP)
    Stack_Mem                                0x200005b0   Data         512  startup_tm4c123.o(STACK)
    __initial_sp                             0x200007b0   Data           0  startup_tm4c123.o(STACK)

    Global Symbols

    Symbol Name                              Value     Ov Type        Size  Object(Section)

    BuildAttributes$$THM_ISAv4$E$P$D$K$B$S$7EM$PE$A:L22UL41UL21$X:L11$S22US41US21$IEEE1$IW$USESV6$~STKCKD$USESV7$~SHL$OSPACE$ROPI$EBA8$UX$STANDARDLIB$REQ8$EABIv2 0x00000000   Number         0  anon$$obj.o ABSOLUTE
    __ARM_use_no_argv                        0x00000000   Number         0  user.o ABSOLUTE
    __Vectors                                0x00000000   Data           4  startup_tm4c123.o(RESET)
    _printf_flags                            0x00000000   Number         0  printf_stubs.o ABSOLUTE
    _printf_return_value                     0x00000000   Number         0  printf_stubs.o ABSOLUTE
    _printf_sizespec                         0x00000000   Number         0  printf_stubs.o ABSOLUTE
    _printf_widthprec                        0x00000000   Number         0  printf_stubs.o ABSOLUTE
    __ARM_exceptions_init                     - Undefined Weak Reference
    __alloca_initialize                       - Undefined Weak Reference
    __arm_preinit_                            - Undefined Weak Reference
    __cpp_initialize__aeabi_                  - Undefined Weak Reference
    __cxa_finalize                            - Undefined Weak Reference
    __sigvec_lookup                           - Undefined Weak Reference
    _atexit_init                              - Undefined Weak Reference
    _call_atexit_fns                          - Undefined Weak Reference
    _clock_init                               - Undefined Weak Reference
    _fp_trap_init                             - Undefined Weak Reference
    _fp_trap_shutdown                         - Undefined Weak Reference
    _get_lc_collate                           - Undefined Weak Reference
    _get_lc_monetary                          - Undefined Weak Reference
    _get_lc_numeric                           - Undefined Weak Reference
    _get_lc_time                              - Undefined Weak Reference
    _getenv_init                              - Undefined Weak Reference
    _handle_redirection                       - Undefined Weak Reference
    _init_alloc                               - Undefined Weak Reference
    _init_user_alloc                          - Undefined Weak Reference
    _initio                                   - Undefined Weak Reference
    _printf_mbtowc                            - Undefined Weak Reference
    _printf_truncate_signed                   - Undefined Weak Reference
    _printf_truncate_unsigned                 - Undefined Weak Reference
    _rand_init                                - Undefined Weak Reference
    _signal_finish                            - Undefined Weak Reference
    _signal_init                              - Undefined Weak Reference
    _terminate_alloc                          - Undefined Weak Reference
    _terminate_user_alloc                     - Undefined Weak Reference
    _terminateio                              - Undefined Weak Reference
    __Vectors_End                            0x0000026c   Data           0  startup_tm4c123.o(RESET)
    __Vectors_Size                           0x0000026c   Number         0  startup_tm4c123.o ABSOLUTE
    __main                                   0x0000026d   Thumb Code     8  __main.o(!!!main)
    __scatterload                            0x00000275   Thumb Code     0  __scatter.o(!!!scatter)
    __scatterload_rt2                        0x00000275   Thumb Code    44  __scatter.o(!!!scatter)
    __scatterload_rt2_thumb_only             0x00000275   Thumb Code     0  __scatter.o(!!!scatter)
    __scatterload_null                       0x00000283   Thumb Code     0  __scatter.o(!!!scatter)
    __scatterload_copy                       0x000002a9   Thumb Code    26  __scatter_copy.o(!!handler_copy)
    __scatterload_zeroinit                   0x000002c5   Thumb Code    28  __scatter_zi.o(!!handler_zi)
    _printf_percent                          0x000002e1   Thumb Code     0  _printf_percent.o(.ARM.Collect$$_printf_percent$$00000000)
    _printf_u                                0x000002e1   Thumb Code     0  _printf_u.o(.ARM.Collect$$_printf_percent$$0000000A)
    _printf_s                                0x000002e7   Thumb Code     0  _printf_s.o(.ARM.Collect$$_printf_percent$$00000014)
    _printf_percent_end                      0x000002ed   Thumb Code     0  _printf_percent_end.o(.ARM.Collect$$_printf_percent$$00000017)
    __rt_lib_init                            0x000002f1   Thumb Code     0  libinit.o(.ARM.Collect$$libinit$$00000000)
    __rt_lib_init_fp_1                       0x000002f3   Thumb Code     0  libinit2.o(.ARM.Collect$$libinit$$00000002)
    __rt_lib_init_heap_1                     0x000002f3   Thumb Code     0  libinit2.o(.ARM.Collect$$libinit$$0000000A)
    __rt_lib_init_lc_common                  0x000002f3   Thumb Code     0  libinit2.o(.ARM.Collect$$libinit$$0000000F)
    __rt_lib_init_preinit_1                  0x000002f3   Thumb Code     0  libinit2.o(.ARM.Collect$$libinit$$00000004)
    __rt_lib_init_rand_1                     0x000002f3   Thumb Code     0  libinit2.o(.ARM.Collect$$libinit$$0000000E)
    __rt_lib_init_user_alloc_1               0x000002f3   Thumb Code     0  libinit2.o(.ARM.Collect$$libinit$$0000000C)
    __rt_lib_init_lc_collate_1               0x000002f9   Thumb Code     0  libinit2.o(.ARM.Collect$$libinit$$00000011)
    __rt_lib_init_lc_ctype_2                 0x000002f9   Thumb Code     0  libinit2.o(.ARM.Collect$$libinit$$00000012)
    __rt_lib_init_alloca_1                   0x00000305   Thumb Code     0  libinit2.o(.ARM.Collect$$libinit$$0000002E)
    __rt_lib_init_argv_1                     0x00000305   Thumb Code     0  libinit2.o(.ARM.Collect$$libinit$$0000002C)
    __rt_lib_init_atexit_1                   0x00000305   Thumb Code     0  libinit2.o(.ARM.Collect$$libinit$$0000001B)
    __rt_lib_init_clock_1                    0x00000305   Thumb Code     0  libinit2.o(.ARM.Collect$$libinit$$00000021)
    __rt_lib_init_cpp_1                      0x00000305   Thumb Code     0  libinit2.o(.ARM.Collect$$libinit$$00000032)
    __rt_lib_init_exceptions_1               0x00000305   Thumb Code     0  libinit2.o(.ARM.Collect$$libinit$$00000030)
    __rt_lib_init_fp_trap_1                  0x00000305   Thumb Code     0  libinit2.o(.ARM.Collect$$libinit$$0000001F)
    __rt_lib_init_getenv_1                   0x00000305   Thumb Code     0  libinit2.o(.ARM.Collect$$libinit$$00000023)
    __rt_lib_init_lc_ctype_1                 0x00000305   Thumb Code     0  libinit2.o(.ARM.Collect$$libinit$$00000013)
    __rt_lib_init_lc_monetary_1              0x00000305   Thumb Code     0  libinit2.o(.ARM.Collect$$libinit$$00000015)
    __rt_lib_init_lc_numeric_1               0x00000305   Thumb Code     0  libinit2.o(.ARM.Collect$$libinit$$00000017)
    __rt_lib_init_lc_time_1                  0x00000305   Thumb Code     0  libinit2.o(.ARM.Collect$$libinit$$00000019)
    __rt_lib_init_return                     0x00000305   Thumb Code     0  libinit2.o(.ARM.Collect$$libinit$$00000033)
    __rt_lib_init_signal_1                   0x00000305   Thumb Code     0  libinit2.o(.ARM.Collect$$libinit$$0000001D)
    __rt_lib_init_stdio_1                    0x00000305   Thumb Code     0  libinit2.o(.ARM.Collect$$libinit$$00000025)
    __rt_lib_shutdown                        0x00000307   Thumb Code     0  libshutdown.o(.ARM.Collect$$libshutdown$$00000000)
    __rt_lib_shutdown_cpp_1                  0x00000309   Thumb Code     0  libshutdown2.o(.ARM.Collect$$libshutdown$$00000002)
    __rt_lib_shutdown_fp_trap_1              0x00000309   Thumb Code     0  libshutdown2.o(.ARM.Collect$$libshutdown$$00000007)
    __rt_lib_shutdown_heap_1                 0x00000309   Thumb Code     0  libshutdown2.o(.ARM.Collect$$libshutdown$$0000000F)
    __rt_lib_shutdown_return                 0x00000309   Thumb Code     0  libshutdown2.o(.ARM.Collect$$libshutdown$$00000010)
    __rt_lib_shutdown_signal_1               0x00000309   Thumb Code     0  libshutdown2.o(.ARM.Collect$$libshutdown$$0000000A)
    __rt_lib_shutdown_stdio_1                0x00000309   Thumb Code     0  libshutdown2.o(.ARM.Collect$$libshutdown$$00000004)
    __rt_lib_shutdown_user_alloc_1           0x00000309   Thumb Code     0  libshutdown2.o(.ARM.Collect$$libshutdown$$0000000C)
    __rt_entry                               0x0000030b   Thumb Code     0  __rtentry.o(.ARM.Collect$$rtentry$$00000000)
    __rt_entry_presh_1                       0x0000030b   Thumb Code     0  __rtentry2.o(.ARM.Collect$$rtentry$$00000002)
    __rt_entry_sh                            0x0000030b   Thumb Code     0  __rtentry4.o(.ARM.Collect$$rtentry$$00000004)
    __rt_entry_li                            0x00000311   Thumb Code     0  __rtentry2.o(.ARM.Collect$$rtentry$$0000000A)
    __rt_entry_postsh_1                      0x00000311   Thumb Code     0  __rtentry2.o(.ARM.Collect$$rtentry$$00000009)
    __rt_entry_main                          0x00000315   Thumb Code     0  __rtentry2.o(.ARM.Collect$$rtentry$$0000000D)
    __rt_entry_postli_1                      0x00000315   Thumb Code     0  __rtentry2.o(.ARM.Collect$$rtentry$$0000000C)
    __rt_exit                                0x0000031d   Thumb Code     0  rtexit.o(.ARM.Collect$$rtexit$$00000000)
    __rt_exit_ls                             0x0000031f   Thumb Code     0  rtexit2.o(.ARM.Collect$$rtexit$$00000003)
    __rt_exit_prels_1                        0x0000031f   Thumb Code     0  rtexit2.o(.ARM.Collect$$rtexit$$00000002)
    __rt_exit_exit                           0x00000323   Thumb Code     0  rtexit2.o(.ARM.Collect$$rtexit$$00000004)
    Read_Key                                 0x00000329   Thumb Code     0  keypad.o(.text)
    Init_Keypad                              0x00000339   Thumb Code     0  keypad.o(.text)
    Scan_Keypad                              0x00000363   Thumb Code     0  keypad.o(.text)
    Init_LCD_Ports                           0x00000575   Thumb Code     0  lcd.o(.text)
    Display_Msg                              0x000005b1   Thumb Code     0  lcd.o(.text)
    Display_Char                             0x000005cb   Thumb Code     0  lcd.o(.text)
    Set_Position                             0x000005e9   Thumb Code     0  lcd.o(.text)
    Init_LCD                                 0x00000671   Thumb Code     0  lcd.o(.text)
    Set_Blink_ON                             0x00000739   Thumb Code     0  lcd.o(.text)
    Set_Blink_OFF                            0x0000075b   Thumb Code     0  lcd.o(.text)
    Delay1ms                                 0x0000077d   Thumb Code     0  lcd.o(.text)
    OS_DisableInterrupts                     0x000007c1   Thumb Code     0  osasm_v2.o(.text)
    OS_EnableInterrupts                      0x000007c5   Thumb Code     0  osasm_v2.o(.text)
    SysTick_Handler                          0x000007c9   Thumb Code     0  osasm_v2.o(.text)
    StartOS                                  0x000007ef   Thumb Code     0  osasm_v2.o(.text)
    Reset_Handler                            0x00000815   Thumb Code     8  startup_tm4c123.o(.text)
    NMI_Handler                              0x0000081d   Thumb Code     2  startup_tm4c123.o(.text)
    HardFault_Handler                        0x0000081f   Thumb Code     2  startup_tm4c123.o(.text)
    MemManage_Handler                        0x00000821   Thumb Code     2  startup_tm4c123.o(.text)
    BusFault_Handler                         0x00000823   Thumb Code     2  startup_tm4c123.o(.text)
    UsageFault_Handler                       0x00000825   Thumb Code     2  startup_tm4c123.o(.text)
    SVC_Handler                              0x00000827   Thumb Code     2  startup_tm4c123.o(.text)
    DebugMon_Handler                         0x00000829   Thumb Code     2  startup_tm4c123.o(.text)
    PendSV_Handler                           0x0000082b   Thumb Code     2  startup_tm4c123.o(.text)
    GPIOA_Handler                            0x0000082f   Thumb Code     2  startup_tm4c123.o(.text)
    GPIOB_Handler                            0x00000831   Thumb Code     2  startup_tm4c123.o(.text)
    GPIOC_Handler                            0x00000833   Thumb Code     2  startup_tm4c123.o(.text)
    GPIOD_Handler                            0x00000835   Thumb Code     2  startup_tm4c123.o(.text)
    GPIOE_Handler                            0x00000837   Thumb Code     2  startup_tm4c123.o(.text)
    UART0_Handler                            0x00000839   Thumb Code     2  startup_tm4c123.o(.text)
    UART1_Handler                            0x0000083b   Thumb Code     2  startup_tm4c123.o(.text)
    SSI0_Handler                             0x0000083d   Thumb Code     2  startup_tm4c123.o(.text)
    I2C0_Handler                             0x0000083f   Thumb Code     2  startup_tm4c123.o(.text)
    PMW0_FAULT_Handler                       0x00000841   Thumb Code     2  startup_tm4c123.o(.text)
    PWM0_0_Handler                           0x00000843   Thumb Code     2  startup_tm4c123.o(.text)
    PWM0_1_Handler                           0x00000845   Thumb Code     2  startup_tm4c123.o(.text)
    PWM0_2_Handler                           0x00000847   Thumb Code     2  startup_tm4c123.o(.text)
    QEI0_Handler                             0x00000849   Thumb Code     2  startup_tm4c123.o(.text)
    ADC0SS0_Handler                          0x0000084b   Thumb Code     2  startup_tm4c123.o(.text)
    ADC0SS1_Handler                          0x0000084d   Thumb Code     2  startup_tm4c123.o(.text)
    ADC0SS2_Handler                          0x0000084f   Thumb Code     2  startup_tm4c123.o(.text)
    ADC0SS3_Handler                          0x00000851   Thumb Code     2  startup_tm4c123.o(.text)
    WDT0_Handler                             0x00000853   Thumb Code     2  startup_tm4c123.o(.text)
    TIMER0B_Handler                          0x00000855   Thumb Code     2  startup_tm4c123.o(.text)
    TIMER1A_Handler                          0x00000857   Thumb Code     2  startup_tm4c123.o(.text)
    TIMER1B_Handler                          0x00000859   Thumb Code     2  startup_tm4c123.o(.text)
    TIMER2A_Handler                          0x0000085b   Thumb Code     2  startup_tm4c123.o(.text)
    TIMER2B_Handler                          0x0000085d   Thumb Code     2  startup_tm4c123.o(.text)
    COMP0_Handler                            0x0000085f   Thumb Code     2  startup_tm4c123.o(.text)
    COMP1_Handler                            0x00000861   Thumb Code     2  startup_tm4c123.o(.text)
    COMP2_Handler                            0x00000863   Thumb Code     2  startup_tm4c123.o(.text)
    SYSCTL_Handler                           0x00000865   Thumb Code     2  startup_tm4c123.o(.text)
    FLASH_Handler                            0x00000867   Thumb Code     2  startup_tm4c123.o(.text)
    GPIOF_Handler                            0x00000869   Thumb Code     2  startup_tm4c123.o(.text)
    GPIOG_Handler                            0x0000086b   Thumb Code     2  startup_tm4c123.o(.text)
    GPIOH_Handler                            0x0000086d   Thumb Code     2  startup_tm4c123.o(.text)
    UART2_Handler                            0x0000086f   Thumb Code     2  startup_tm4c123.o(.text)
    SSI1_Handler                             0x00000871   Thumb Code     2  startup_tm4c123.o(.text)
    TIMER3A_Handler                          0x00000873   Thumb Code     2  startup_tm4c123.o(.text)
    TIMER3B_Handler                          0x00000875   Thumb Code     2  startup_tm4c123.o(.text)
    I2C1_Handler                             0x00000877   Thumb Code     2  startup_tm4c123.o(.text)
    QEI1_Handler                             0x00000879   Thumb Code     2  startup_tm4c123.o(.text)
    CAN0_Handler                             0x0000087b   Thumb Code     2  startup_tm4c123.o(.text)
    CAN1_Handler                             0x0000087d   Thumb Code     2  startup_tm4c123.o(.text)
    CAN2_Handler                             0x0000087f   Thumb Code     2  startup_tm4c123.o(.text)
    HIB_Handler                              0x00000881   Thumb Code     2  startup_tm4c123.o(.text)
    USB0_Handler                             0x00000883   Thumb Code     2  startup_tm4c123.o(.text)
    PWM0_3_Handler                           0x00000885   Thumb Code     2  startup_tm4c123.o(.text)
    UDMA_Handler                             0x00000887   Thumb Code     2  startup_tm4c123.o(.text)
    UDMAERR_Handler                          0x00000889   Thumb Code     2  startup_tm4c123.o(.text)
    ADC1SS0_Handler                          0x0000088b   Thumb Code     2  startup_tm4c123.o(.text)
    ADC1SS1_Handler                          0x0000088d   Thumb Code     2  startup_tm4c123.o(.text)
    ADC1SS2_Handler                          0x0000088f   Thumb Code     2  startup_tm4c123.o(.text)
    ADC1SS3_Handler                          0x00000891   Thumb Code     2  startup_tm4c123.o(.text)
    GPIOJ_Handler                            0x00000893   Thumb Code     2  startup_tm4c123.o(.text)
    GPIOK_Handler                            0x00000895   Thumb Code     2  startup_tm4c123.o(.text)
    GPIOL_Handler                            0x00000897   Thumb Code     2  startup_tm4c123.o(.text)
    SSI2_Handler                             0x00000899   Thumb Code     2  startup_tm4c123.o(.text)
    SSI3_Handler                             0x0000089b   Thumb Code     2  startup_tm4c123.o(.text)
    UART3_Handler                            0x0000089d   Thumb Code     2  startup_tm4c123.o(.text)
    UART4_Handler                            0x0000089f   Thumb Code     2  startup_tm4c123.o(.text)
    UART5_Handler                            0x000008a1   Thumb Code     2  startup_tm4c123.o(.text)
    UART6_Handler                            0x000008a3   Thumb Code     2  startup_tm4c123.o(.text)
    UART7_Handler                            0x000008a5   Thumb Code     2  startup_tm4c123.o(.text)
    I2C2_Handler                             0x000008a7   Thumb Code     2  startup_tm4c123.o(.text)
    I2C3_Handler                             0x000008a9   Thumb Code     2  startup_tm4c123.o(.text)
    TIMER4A_Handler                          0x000008ab   Thumb Code     2  startup_tm4c123.o(.text)
    TIMER4B_Handler                          0x000008ad   Thumb Code     2  startup_tm4c123.o(.text)
    TIMER5A_Handler                          0x000008af   Thumb Code     2  startup_tm4c123.o(.text)
    TIMER5B_Handler                          0x000008b1   Thumb Code     2  startup_tm4c123.o(.text)
    WTIMER0A_Handler                         0x000008b3   Thumb Code     2  startup_tm4c123.o(.text)
    WTIMER0B_Handler                         0x000008b5   Thumb Code     2  startup_tm4c123.o(.text)
    WTIMER1A_Handler                         0x000008b7   Thumb Code     2  startup_tm4c123.o(.text)
    WTIMER1B_Handler                         0x000008b9   Thumb Code     2  startup_tm4c123.o(.text)
    WTIMER2A_Handler                         0x000008bb   Thumb Code     2  startup_tm4c123.o(.text)
    WTIMER2B_Handler                         0x000008bd   Thumb Code     2  startup_tm4c123.o(.text)
    WTIMER3A_Handler                         0x000008bf   Thumb Code     2  startup_tm4c123.o(.text)
    WTIMER3B_Handler                         0x000008c1   Thumb Code     2  startup_tm4c123.o(.text)
    WTIMER4A_Handler                         0x000008c3   Thumb Code     2  startup_tm4c123.o(.text)
    WTIMER4B_Handler                         0x000008c5   Thumb Code     2  startup_tm4c123.o(.text)
    WTIMER5A_Handler                         0x000008c7   Thumb Code     2  startup_tm4c123.o(.text)
    WTIMER5B_Handler                         0x000008c9   Thumb Code     2  startup_tm4c123.o(.text)
    FPU_Handler                              0x000008cb   Thumb Code     2  startup_tm4c123.o(.text)
    I2C4_Handler                             0x000008cd   Thumb Code     2  startup_tm4c123.o(.text)
    I2C5_Handler                             0x000008cf   Thumb Code     2  startup_tm4c123.o(.text)
    GPIOM_Handler                            0x000008d1   Thumb Code     2  startup_tm4c123.o(.text)
    GPION_Handler                            0x000008d3   Thumb Code     2  startup_tm4c123.o(.text)
    QEI2_Handler                             0x000008d5   Thumb Code     2  startup_tm4c123.o(.text)
    GPIOP0_Handler                           0x000008d7   Thumb Code     2  startup_tm4c123.o(.text)
    GPIOP1_Handler                           0x000008d9   Thumb Code     2  startup_tm4c123.o(.text)
    GPIOP2_Handler                           0x000008db   Thumb Code     2  startup_tm4c123.o(.text)
    GPIOP3_Handler                           0x000008dd   Thumb Code     2  startup_tm4c123.o(.text)
    GPIOP4_Handler                           0x000008df   Thumb Code     2  startup_tm4c123.o(.text)
    GPIOP5_Handler                           0x000008e1   Thumb Code     2  startup_tm4c123.o(.text)
    GPIOP6_Handler                           0x000008e3   Thumb Code     2  startup_tm4c123.o(.text)
    GPIOP7_Handler                           0x000008e5   Thumb Code     2  startup_tm4c123.o(.text)
    GPIOQ0_Handler                           0x000008e7   Thumb Code     2  startup_tm4c123.o(.text)
    GPIOQ1_Handler                           0x000008e9   Thumb Code     2  startup_tm4c123.o(.text)
    GPIOQ2_Handler                           0x000008eb   Thumb Code     2  startup_tm4c123.o(.text)
    GPIOQ3_Handler                           0x000008ed   Thumb Code     2  startup_tm4c123.o(.text)
    GPIOQ4_Handler                           0x000008ef   Thumb Code     2  startup_tm4c123.o(.text)
    GPIOQ5_Handler                           0x000008f1   Thumb Code     2  startup_tm4c123.o(.text)
    GPIOQ6_Handler                           0x000008f3   Thumb Code     2  startup_tm4c123.o(.text)
    GPIOQ7_Handler                           0x000008f5   Thumb Code     2  startup_tm4c123.o(.text)
    GPIOR_Handler                            0x000008f7   Thumb Code     2  startup_tm4c123.o(.text)
    GPIOS_Handler                            0x000008f9   Thumb Code     2  startup_tm4c123.o(.text)
    PMW1_0_Handler                           0x000008fb   Thumb Code     2  startup_tm4c123.o(.text)
    PWM1_1_Handler                           0x000008fd   Thumb Code     2  startup_tm4c123.o(.text)
    PWM1_2_Handler                           0x000008ff   Thumb Code     2  startup_tm4c123.o(.text)
    PWM1_3_Handler                           0x00000901   Thumb Code     2  startup_tm4c123.o(.text)
    PWM1_FAULT_Handler                       0x00000903   Thumb Code     2  startup_tm4c123.o(.text)
    DisableInterrupts                        0x0000090d   Thumb Code     0  startup_tm4c123.o(.text)
    EnableInterrupts                         0x00000911   Thumb Code     0  startup_tm4c123.o(.text)
    StartCritical                            0x00000915   Thumb Code     0  startup_tm4c123.o(.text)
    EndCritical                              0x0000091d   Thumb Code     0  startup_tm4c123.o(.text)
    WaitForInterrupt                         0x00000923   Thumb Code     0  startup_tm4c123.o(.text)
    __user_initial_stackheap                 0x00000927   Thumb Code     0  startup_tm4c123.o(.text)
    __2snprintf                              0x0000093d   Thumb Code    48  noretval__2snprintf.o(.text)
    _printf_pre_padding                      0x00000971   Thumb Code    44  _printf_pad.o(.text)
    _printf_post_padding                     0x0000099d   Thumb Code    34  _printf_pad.o(.text)
    _printf_str                              0x000009bf   Thumb Code    82  _printf_str.o(.text)
    _printf_int_dec                          0x00000a11   Thumb Code   104  _printf_dec.o(.text)
    __printf                                 0x00000a89   Thumb Code   388  __printf_flags_ss_wp.o(.text)
    atoi                                     0x00000c11   Thumb Code    26  atoi.o(.text)
    __use_two_region_memory                  0x00000c2b   Thumb Code     2  heapauxi.o(.text)
    __rt_heap_escrow$2region                 0x00000c2d   Thumb Code     2  heapauxi.o(.text)
    __rt_heap_expand$2region                 0x00000c2f   Thumb Code     2  heapauxi.o(.text)
    __aeabi_errno_addr                       0x00000c31   Thumb Code     8  rt_errno_addr_intlibspace.o(.text)
    __errno$intlibspace                      0x00000c31   Thumb Code     0  rt_errno_addr_intlibspace.o(.text)
    __rt_errno_addr$intlibspace              0x00000c31   Thumb Code     0  rt_errno_addr_intlibspace.o(.text)
    _printf_int_common                       0x00000c39   Thumb Code   178  _printf_intcommon.o(.text)
    _printf_char_common                      0x00000cf7   Thumb Code    32  _printf_char_common.o(.text)
    _sputc                                   0x00000d1d   Thumb Code    10  _sputc.o(.text)
    _snputc                                  0x00000d27   Thumb Code    16  _snputc.o(.text)
    _printf_cs_common                        0x00000d37   Thumb Code    20  _printf_char.o(.text)
    _printf_char                             0x00000d4b   Thumb Code    16  _printf_char.o(.text)
    _printf_string                           0x00000d5b   Thumb Code     8  _printf_char.o(.text)
    strtol                                   0x00000d63   Thumb Code   112  strtol.o(.text)
    __user_libspace                          0x00000dd5   Thumb Code     8  libspace.o(.text)
    __user_perproc_libspace                  0x00000dd5   Thumb Code     0  libspace.o(.text)
    __user_perthread_libspace                0x00000dd5   Thumb Code     0  libspace.o(.text)
    __rt_ctype_table                         0x00000ddd   Thumb Code    16  rt_ctype_table.o(.text)
    _strtoul                                 0x00000ded   Thumb Code   158  _strtoul.o(.text)
    __user_setup_stackheap                   0x00000e8b   Thumb Code    74  sys_stackheap_outer.o(.text)
    __rt_locale                              0x00000ed5   Thumb Code     8  rt_locale_intlibspace.o(.text)
    _chval                                   0x00000edd   Thumb Code    28  _chval.o(.text)
    exit                                     0x00000ef9   Thumb Code    18  exit.o(.text)
    strcmp                                   0x00000f0d   Thumb Code   128  strcmpv7m.o(.text)
    _sys_exit                                0x00000f8d   Thumb Code     8  sys_exit.o(.text)
    __I$use$semihosting                      0x00000f99   Thumb Code     0  use_no_semi.o(.text)
    __use_no_semihosting_swi                 0x00000f99   Thumb Code     2  use_no_semi.o(.text)
    __semihosting_library_function           0x00000f9b   Thumb Code     0  indicate_semi.o(.text)
    Clock_Init                               0x00000f9d   Thumb Code    26  rtos.o(i.Clock_Init)
    InputControl                             0x00000fc1   Thumb Code   116  user.o(i.InputControl)
    LCDControl                               0x00001045   Thumb Code   100  user.o(i.LCDControl)
    OS_AddThreads                            0x000010dd   Thumb Code    88  rtos.o(i.OS_AddThreads)
    OS_FIFO_Init                             0x00001141   Thumb Code    12  rtos.o(i.OS_FIFO_Init)
    OS_Init                                  0x00001155   Thumb Code    38  rtos.o(i.OS_Init)
    OS_Launch                                0x00001181   Thumb Code    22  rtos.o(i.OS_Launch)
    OS_Schedule                              0x00001199   Thumb Code    76  rtos.o(i.OS_Schedule)
    OS_Signal                                0x000011e9   Thumb Code    46  rtos.o(i.OS_Signal)
    OS_Suspend                               0x0000121d   Thumb Code    14  rtos.o(i.OS_Suspend)
    OS_Wait                                  0x00001231   Thumb Code    40  rtos.o(i.OS_Wait)
    SetInitialStack                          0x0000125d   Thumb Code   326  rtos.o(i.SetInitialStack)
    SetMotorSpeed                            0x000013ad   Thumb Code    10  user.o(i.SetMotorSpeed)
    SystemInit                               0x000013bd   Thumb Code   100  system_tm4c123.o(i.SystemInit)
    TIMER0A_Handler                          0x00001445   Thumb Code     2  rtos.o(i.TIMER0A_Handler)
    _is_digit                                0x00001447   Thumb Code    14  __printf_wp.o(i._is_digit)
    main                                     0x00001455   Thumb Code    44  user.o(i.main)
    _get_lc_ctype                            0x0000148d   Thumb Code    44  lc_ctype_c.o(locale$$code)
    Region$$Table$$Base                      0x000014cc   Number         0  anon$$obj.o(Region$$Table)
    Region$$Table$$Limit                     0x000014ec   Number         0  anon$$obj.o(Region$$Table)
    __ctype                                  0x000014f9   Data           0  lc_ctype_c.o(locale$$data)
    RunPt                                    0x20000000   Data           4  rtos.o(.data)
    Mail                                     0x20000004   Data           4  rtos.o(.data)
    Lost                                     0x20000008   Data           4  rtos.o(.data)
    Send                                     0x2000000c   Data           4  rtos.o(.data)
    PutI                                     0x20000010   Data           4  rtos.o(.data)
    GetI                                     0x20000014   Data           4  rtos.o(.data)
    CurrentSize                              0x20000018   Data           4  rtos.o(.data)
    Key_ASCII                                0x2000001c   Data           4  user.o(.data)
    avgMotorRPM                              0x20000020   Data           4  user.o(.data)
    targetMotorRPM                           0x20000024   Data           4  user.o(.data)
    estMotorRPM                              0x20000028   Data           4  user.o(.data)
    piCount                                  0x2000002c   Data           4  user.o(.data)
    I                                        0x20000030   Data           4  user.o(.data)
    mutex                                    0x20000034   Data           4  user.o(.data)
    currentInput                             0x20000038   Data           5  user.o(.data)
    tcbs                                     0x20000048   Data          48  rtos.o(.bss)
    Stacks                                   0x20000078   Data        1200  rtos.o(.bss)
    Fifo                                     0x20000528   Data          40  rtos.o(.bss)
    __libspace_start                         0x20000550   Data          96  libspace.o(.bss)
    __temporary_stack_top$libspace           0x200005b0   Data           0  libspace.o(.bss)
    GPIO_PORTA_DATA_R                        0x400043fc   Number         0  lcd.o ABSOLUTE
    SYSCTL_RCC_R                             0x400fe060   Number         0  lcd.o ABSOLUTE
    SYSCTL_RCGCGPIO_R                        0x400fe608   Number         0  lcd.o ABSOLUTE



==============================================================================

Memory Map of the image

  Image Entry point : 0x00000815

  Load Region LR_1 (Base: 0x00000000, Size: 0x00001644, Max: 0xffffffff, ABSOLUTE)

    Execution Region ER_RO (Base: 0x00000000, Size: 0x000015fc, Max: 0xffffffff, ABSOLUTE)

    Base Addr    Size         Type   Attr      Idx    E Section Name        Object

    0x00000000   0x0000026c   Data   RO          318    RESET               startup_tm4c123.o
    0x0000026c   0x00000008   Code   RO          415  * !!!main             c_w.l(__main.o)
    0x00000274   0x00000034   Code   RO          608    !!!scatter          c_w.l(__scatter.o)
    0x000002a8   0x0000001a   Code   RO          610    !!handler_copy      c_w.l(__scatter_copy.o)
    0x000002c2   0x00000002   PAD
    0x000002c4   0x0000001c   Code   RO          612    !!handler_zi        c_w.l(__scatter_zi.o)
    0x000002e0   0x00000000   Code   RO          410    .ARM.Collect$$_printf_percent$$00000000  c_w.l(_printf_percent.o)
    0x000002e0   0x00000006   Code   RO          409    .ARM.Collect$$_printf_percent$$0000000A  c_w.l(_printf_u.o)
    0x000002e6   0x00000006   Code   RO          408    .ARM.Collect$$_printf_percent$$00000014  c_w.l(_printf_s.o)
    0x000002ec   0x00000004   Code   RO          433    .ARM.Collect$$_printf_percent$$00000017  c_w.l(_printf_percent_end.o)
    0x000002f0   0x00000002   Code   RO          479    .ARM.Collect$$libinit$$00000000  c_w.l(libinit.o)
    0x000002f2   0x00000000   Code   RO          485    .ARM.Collect$$libinit$$00000002  c_w.l(libinit2.o)
    0x000002f2   0x00000000   Code   RO          487    .ARM.Collect$$libinit$$00000004  c_w.l(libinit2.o)
    0x000002f2   0x00000000   Code   RO          490    .ARM.Collect$$libinit$$0000000A  c_w.l(libinit2.o)
    0x000002f2   0x00000000   Code   RO          492    .ARM.Collect$$libinit$$0000000C  c_w.l(libinit2.o)
    0x000002f2   0x00000000   Code   RO          494    .ARM.Collect$$libinit$$0000000E  c_w.l(libinit2.o)
    0x000002f2   0x00000006   Code   RO          495    .ARM.Collect$$libinit$$0000000F  c_w.l(libinit2.o)
    0x000002f8   0x00000000   Code   RO          497    .ARM.Collect$$libinit$$00000011  c_w.l(libinit2.o)
    0x000002f8   0x0000000c   Code   RO          498    .ARM.Collect$$libinit$$00000012  c_w.l(libinit2.o)
    0x00000304   0x00000000   Code   RO          499    .ARM.Collect$$libinit$$00000013  c_w.l(libinit2.o)
    0x00000304   0x00000000   Code   RO          501    .ARM.Collect$$libinit$$00000015  c_w.l(libinit2.o)
    0x00000304   0x00000000   Code   RO          503    .ARM.Collect$$libinit$$00000017  c_w.l(libinit2.o)
    0x00000304   0x00000000   Code   RO          505    .ARM.Collect$$libinit$$00000019  c_w.l(libinit2.o)
    0x00000304   0x00000000   Code   RO          507    .ARM.Collect$$libinit$$0000001B  c_w.l(libinit2.o)
    0x00000304   0x00000000   Code   RO          509    .ARM.Collect$$libinit$$0000001D  c_w.l(libinit2.o)
    0x00000304   0x00000000   Code   RO          511    .ARM.Collect$$libinit$$0000001F  c_w.l(libinit2.o)
    0x00000304   0x00000000   Code   RO          513    .ARM.Collect$$libinit$$00000021  c_w.l(libinit2.o)
    0x00000304   0x00000000   Code   RO          515    .ARM.Collect$$libinit$$00000023  c_w.l(libinit2.o)
    0x00000304   0x00000000   Code   RO          517    .ARM.Collect$$libinit$$00000025  c_w.l(libinit2.o)
    0x00000304   0x00000000   Code   RO          521    .ARM.Collect$$libinit$$0000002C  c_w.l(libinit2.o)
    0x00000304   0x00000000   Code   RO          523    .ARM.Collect$$libinit$$0000002E  c_w.l(libinit2.o)
    0x00000304   0x00000000   Code   RO          525    .ARM.Collect$$libinit$$00000030  c_w.l(libinit2.o)
    0x00000304   0x00000000   Code   RO          527    .ARM.Collect$$libinit$$00000032  c_w.l(libinit2.o)
    0x00000304   0x00000002   Code   RO          528    .ARM.Collect$$libinit$$00000033  c_w.l(libinit2.o)
    0x00000306   0x00000002   Code   RO          548    .ARM.Collect$$libshutdown$$00000000  c_w.l(libshutdown.o)
    0x00000308   0x00000000   Code   RO          561    .ARM.Collect$$libshutdown$$00000002  c_w.l(libshutdown2.o)
    0x00000308   0x00000000   Code   RO          563    .ARM.Collect$$libshutdown$$00000004  c_w.l(libshutdown2.o)
    0x00000308   0x00000000   Code   RO          566    .ARM.Collect$$libshutdown$$00000007  c_w.l(libshutdown2.o)
    0x00000308   0x00000000   Code   RO          569    .ARM.Collect$$libshutdown$$0000000A  c_w.l(libshutdown2.o)
    0x00000308   0x00000000   Code   RO          571    .ARM.Collect$$libshutdown$$0000000C  c_w.l(libshutdown2.o)
    0x00000308   0x00000000   Code   RO          574    .ARM.Collect$$libshutdown$$0000000F  c_w.l(libshutdown2.o)
    0x00000308   0x00000002   Code   RO          575    .ARM.Collect$$libshutdown$$00000010  c_w.l(libshutdown2.o)
    0x0000030a   0x00000000   Code   RO          417    .ARM.Collect$$rtentry$$00000000  c_w.l(__rtentry.o)
    0x0000030a   0x00000000   Code   RO          440    .ARM.Collect$$rtentry$$00000002  c_w.l(__rtentry2.o)
    0x0000030a   0x00000006   Code   RO          452    .ARM.Collect$$rtentry$$00000004  c_w.l(__rtentry4.o)
    0x00000310   0x00000000   Code   RO          442    .ARM.Collect$$rtentry$$00000009  c_w.l(__rtentry2.o)
    0x00000310   0x00000004   Code   RO          443    .ARM.Collect$$rtentry$$0000000A  c_w.l(__rtentry2.o)
    0x00000314   0x00000000   Code   RO          445    .ARM.Collect$$rtentry$$0000000C  c_w.l(__rtentry2.o)
    0x00000314   0x00000008   Code   RO          446    .ARM.Collect$$rtentry$$0000000D  c_w.l(__rtentry2.o)
    0x0000031c   0x00000002   Code   RO          480    .ARM.Collect$$rtexit$$00000000  c_w.l(rtexit.o)
    0x0000031e   0x00000000   Code   RO          530    .ARM.Collect$$rtexit$$00000002  c_w.l(rtexit2.o)
    0x0000031e   0x00000004   Code   RO          531    .ARM.Collect$$rtexit$$00000003  c_w.l(rtexit2.o)
    0x00000322   0x00000006   Code   RO          532    .ARM.Collect$$rtexit$$00000004  c_w.l(rtexit2.o)
    0x00000328   0x0000024c   Code   RO            7    .text               keypad.o
    0x00000574   0x0000024c   Code   RO           10    .text               lcd.o
    0x000007c0   0x00000054   Code   RO           13    .text               osasm_v2.o
    0x00000814   0x00000128   Code   RO          319  * .text               startup_tm4c123.o
    0x0000093c   0x00000034   Code   RO          378    .text               c_w.l(noretval__2snprintf.o)
    0x00000970   0x0000004e   Code   RO          382    .text               c_w.l(_printf_pad.o)
    0x000009be   0x00000052   Code   RO          384    .text               c_w.l(_printf_str.o)
    0x00000a10   0x00000078   Code   RO          386    .text               c_w.l(_printf_dec.o)
    0x00000a88   0x00000188   Code   RO          405    .text               c_w.l(__printf_flags_ss_wp.o)
    0x00000c10   0x0000001a   Code   RO          411    .text               c_w.l(atoi.o)
    0x00000c2a   0x00000006   Code   RO          413    .text               c_w.l(heapauxi.o)
    0x00000c30   0x00000008   Code   RO          421    .text               c_w.l(rt_errno_addr_intlibspace.o)
    0x00000c38   0x000000b2   Code   RO          423    .text               c_w.l(_printf_intcommon.o)
    0x00000cea   0x00000002   PAD
    0x00000cec   0x00000030   Code   RO          425    .text               c_w.l(_printf_char_common.o)
    0x00000d1c   0x0000000a   Code   RO          427    .text               c_w.l(_sputc.o)
    0x00000d26   0x00000010   Code   RO          429    .text               c_w.l(_snputc.o)
    0x00000d36   0x0000002c   Code   RO          431    .text               c_w.l(_printf_char.o)
    0x00000d62   0x00000070   Code   RO          434    .text               c_w.l(strtol.o)
    0x00000dd2   0x00000002   PAD
    0x00000dd4   0x00000008   Code   RO          436    .text               c_w.l(libspace.o)
    0x00000ddc   0x00000010   Code   RO          454    .text               c_w.l(rt_ctype_table.o)
    0x00000dec   0x0000009e   Code   RO          458    .text               c_w.l(_strtoul.o)
    0x00000e8a   0x0000004a   Code   RO          460    .text               c_w.l(sys_stackheap_outer.o)
    0x00000ed4   0x00000008   Code   RO          465    .text               c_w.l(rt_locale_intlibspace.o)
    0x00000edc   0x0000001c   Code   RO          467    .text               c_w.l(_chval.o)
    0x00000ef8   0x00000012   Code   RO          472    .text               c_w.l(exit.o)
    0x00000f0a   0x00000002   PAD
    0x00000f0c   0x00000080   Code   RO          482    .text               c_w.l(strcmpv7m.o)
    0x00000f8c   0x0000000c   Code   RO          540    .text               c_w.l(sys_exit.o)
    0x00000f98   0x00000002   Code   RO          551    .text               c_w.l(use_no_semi.o)
    0x00000f9a   0x00000000   Code   RO          553    .text               c_w.l(indicate_semi.o)
    0x00000f9a   0x00000002   PAD
    0x00000f9c   0x00000024   Code   RO           88    i.Clock_Init        rtos.o
    0x00000fc0   0x00000084   Code   RO          227    i.InputControl      user.o
    0x00001044   0x00000098   Code   RO          228    i.LCDControl        user.o
    0x000010dc   0x00000064   Code   RO           89    i.OS_AddThreads     rtos.o
    0x00001140   0x00000014   Code   RO           93    i.OS_FIFO_Init      rtos.o
    0x00001154   0x0000002c   Code   RO           96    i.OS_Init           rtos.o
    0x00001180   0x00000016   Code   RO           97    i.OS_Launch         rtos.o
    0x00001196   0x00000002   PAD
    0x00001198   0x00000050   Code   RO           98    i.OS_Schedule       rtos.o
    0x000011e8   0x00000034   Code   RO           99    i.OS_Signal         rtos.o
    0x0000121c   0x00000014   Code   RO          102    i.OS_Suspend        rtos.o
    0x00001230   0x0000002c   Code   RO          103    i.OS_Wait           rtos.o
    0x0000125c   0x00000150   Code   RO          106    i.SetInitialStack   rtos.o
    0x000013ac   0x00000010   Code   RO          230    i.SetMotorSpeed     user.o
    0x000013bc   0x00000088   Code   RO          327    i.SystemInit        system_tm4c123.o
    0x00001444   0x00000002   Code   RO          107    i.TIMER0A_Handler   rtos.o
    0x00001446   0x0000000e   Code   RO          398    i._is_digit         c_w.l(__printf_wp.o)
    0x00001454   0x00000038   Code   RO          231    i.main              user.o
    0x0000148c   0x0000002c   Code   RO          470    locale$$code        c_w.l(lc_ctype_c.o)
    0x000014b8   0x00000011   Data   RO          406    .constdata          c_w.l(__printf_flags_ss_wp.o)
    0x000014c9   0x00000003   PAD
    0x000014cc   0x00000020   Data   RO          606    Region$$Table       anon$$obj.o
    0x000014ec   0x00000110   Data   RO          469    locale$$data        c_w.l(lc_ctype_c.o)


    Execution Region ER_RW (Base: 0x20000000, Size: 0x00000048, Max: 0xffffffff, ABSOLUTE)

    Base Addr    Size         Type   Attr      Idx    E Section Name        Object

    0x20000000   0x0000001c   Data   RW          109    .data               rtos.o
    0x2000001c   0x00000021   Data   RW          232    .data               user.o
    0x2000003d   0x00000003   PAD
    0x20000040   0x00000008   Data   RW            6    RAMData             keypad.o


    Execution Region ER_ZI (Base: 0x20000048, Size: 0x00000768, Max: 0xffffffff, ABSOLUTE)

    Base Addr    Size         Type   Attr      Idx    E Section Name        Object

    0x20000048   0x00000508   Zero   RW          108    .bss                rtos.o
    0x20000550   0x00000060   Zero   RW          437    .bss                c_w.l(libspace.o)
    0x200005b0   0x00000000   Zero   RW          317    HEAP                startup_tm4c123.o
    0x200005b0   0x00000200   Zero   RW          316    STACK               startup_tm4c123.o


==============================================================================

Image component sizes


      Code (inc. data)   RO Data    RW Data    ZI Data      Debug   Object Name

         0          0          0          0          0         32   ascii_conversions.o
       588         44          0          8          0        460   keypad.o
       588         42          0          0          0        392   lcd.o
        84          6          0          0          0        252   osasm_v2.o
         0          0          0          0          0       4508   pwmdriver.o
       756         66          0         28       1288       6177   rtos.o
       296         20        620          0        512       5372   startup_tm4c123.o
       136         36          0          0          0        553   system_tm4c123.o
       356         86          0         33          0       2979   user.o

    ----------------------------------------------------------------------
      2806        300        652         72       1800      20725   Object Totals
         0          0         32          0          0          0   (incl. Generated)
         2          0          0          3          0          0   (incl. Padding)

    ----------------------------------------------------------------------

      Code (inc. data)   RO Data    RW Data    ZI Data      Debug   Library Member Name

         8          0          0          0          0         68   __main.o
       392          4         17          0          0         92   __printf_flags_ss_wp.o
        14          0          0          0          0         68   __printf_wp.o
         0          0          0          0          0          0   __rtentry.o
        12          0          0          0          0          0   __rtentry2.o
         6          0          0          0          0          0   __rtentry4.o
        52          8          0          0          0          0   __scatter.o
        26          0          0          0          0          0   __scatter_copy.o
        28          0          0          0          0          0   __scatter_zi.o
        28          0          0          0          0         68   _chval.o
        44          0          0          0          0        108   _printf_char.o
        48          6          0          0          0         96   _printf_char_common.o
       120         16          0          0          0         92   _printf_dec.o
       178          0          0          0          0         88   _printf_intcommon.o
        78          0          0          0          0        108   _printf_pad.o
         0          0          0          0          0          0   _printf_percent.o
         4          0          0          0          0          0   _printf_percent_end.o
         6          0          0          0          0          0   _printf_s.o
        82          0          0          0          0         80   _printf_str.o
         6          0          0          0          0          0   _printf_u.o
        16          0          0          0          0         68   _snputc.o
        10          0          0          0          0         68   _sputc.o
       158          0          0          0          0         92   _strtoul.o
        26          0          0          0          0         80   atoi.o
        18          0          0          0          0         80   exit.o
         6          0          0          0          0        152   heapauxi.o
         0          0          0          0          0          0   indicate_semi.o
        44         10        272          0          0         76   lc_ctype_c.o
         2          0          0          0          0          0   libinit.o
        20          0          0          0          0          0   libinit2.o
         2          0          0          0          0          0   libshutdown.o
         2          0          0          0          0          0   libshutdown2.o
         8          4          0          0         96         68   libspace.o
        52          4          0          0          0         84   noretval__2snprintf.o
        16          4          0          0          0         76   rt_ctype_table.o
         8          4          0          0          0         68   rt_errno_addr_intlibspace.o
         8          4          0          0          0         68   rt_locale_intlibspace.o
         2          0          0          0          0          0   rtexit.o
        10          0          0          0          0          0   rtexit2.o
       128          0          0          0          0         68   strcmpv7m.o
       112          0          0          0          0         88   strtol.o
        12          4          0          0          0         68   sys_exit.o
        74          0          0          0          0         80   sys_stackheap_outer.o
         2          0          0          0          0         68   use_no_semi.o

    ----------------------------------------------------------------------
      1878         68        292          0         96       2220   Library Totals
        10          0          3          0          0          0   (incl. Padding)

    ----------------------------------------------------------------------

      Code (inc. data)   RO Data    RW Data    ZI Data      Debug   Library Name

      1868         68        289          0         96       2220   c_w.l

    ----------------------------------------------------------------------
      1878         68        292          0         96       2220   Library Totals

    ----------------------------------------------------------------------

==============================================================================


      Code (inc. data)   RO Data    RW Data    ZI Data      Debug   

      4684        368        944         72       1896      21121   Grand Totals
      4684        368        944         72       1896      21121   ELF Image Totals
      4684        368        944         72          0          0   ROM Totals

==============================================================================

    Total RO  Size (Code + RO Data)                 5628 (   5.50kB)
    Total RW  Size (RW Data + ZI Data)              1968 (   1.92kB)
    Total ROM Size (Code + RO Data + RW Data)       5700 (   5.57kB)

==============================================================================

